Component: Arm Compiler for Embedded 6.18 Tool: armlink [5e4cc100]

==============================================================================

Section Cross References

    startup_stm32h503xx.o(RESET) refers to startup_stm32h503xx.o(STACK) for __initial_sp
    startup_stm32h503xx.o(RESET) refers to startup_stm32h503xx.o(.text) for Reset_Handler
    startup_stm32h503xx.o(RESET) refers to stm32h5xx_it.o(.text.NMI_Handler) for NMI_Handler
    startup_stm32h503xx.o(RESET) refers to stm32h5xx_it.o(.text.HardFault_Handler) for HardFault_Handler
    startup_stm32h503xx.o(RESET) refers to stm32h5xx_it.o(.text.MemManage_Handler) for MemManage_Handler
    startup_stm32h503xx.o(RESET) refers to stm32h5xx_it.o(.text.BusFault_Handler) for BusFault_Handler
    startup_stm32h503xx.o(RESET) refers to stm32h5xx_it.o(.text.UsageFault_Handler) for UsageFault_Handler
    startup_stm32h503xx.o(RESET) refers to stm32h5xx_it.o(.text.SVC_Handler) for SVC_Handler
    startup_stm32h503xx.o(RESET) refers to stm32h5xx_it.o(.text.DebugMon_Handler) for DebugMon_Handler
    startup_stm32h503xx.o(RESET) refers to stm32h5xx_it.o(.text.PendSV_Handler) for PendSV_Handler
    startup_stm32h503xx.o(RESET) refers to stm32h5xx_it.o(.text.SysTick_Handler) for SysTick_Handler
    startup_stm32h503xx.o(.text) refers to system_stm32h5xx.o(.text.SystemInit) for SystemInit
    startup_stm32h503xx.o(.text) refers to entry.o(.ARM.Collect$$$$00000000) for __main
    main.o(.text.main) refers to stm32h5xx_hal.o(.text.HAL_Init) for HAL_Init
    main.o(.text.main) refers to main.o(.text.SystemClock_Config) for SystemClock_Config
    main.o(.text.main) refers to gpio.o(.text.MX_GPIO_Init) for MX_GPIO_Init
    main.o(.text.main) refers to icache.o(.text.MX_ICACHE_Init) for MX_ICACHE_Init
    main.o(.text.main) refers to app_tof.o(.text.MX_TOF_Init) for MX_TOF_Init
    main.o(.text.main) refers to app_tof.o(.text.MX_TOF_Process) for MX_TOF_Process
    main.o(.ARM.exidx.text.main) refers to main.o(.text.main) for [Anonymous Symbol]
    main.o(.text.SystemClock_Config) refers to memseta.o(.text) for __aeabi_memclr4
    main.o(.text.SystemClock_Config) refers to stm32h5xx_hal_rcc.o(.text.HAL_RCC_OscConfig) for HAL_RCC_OscConfig
    main.o(.text.SystemClock_Config) refers to main.o(.text.Error_Handler) for Error_Handler
    main.o(.text.SystemClock_Config) refers to stm32h5xx_hal_rcc.o(.text.HAL_RCC_ClockConfig) for HAL_RCC_ClockConfig
    main.o(.ARM.exidx.text.SystemClock_Config) refers to main.o(.text.SystemClock_Config) for [Anonymous Symbol]
    main.o(.ARM.exidx.text.Error_Handler) refers to main.o(.text.Error_Handler) for [Anonymous Symbol]
    gpio.o(.text.MX_GPIO_Init) refers to stm32h5xx_hal_gpio.o(.text.HAL_GPIO_WritePin) for HAL_GPIO_WritePin
    gpio.o(.text.MX_GPIO_Init) refers to stm32h5xx_hal_gpio.o(.text.HAL_GPIO_Init) for HAL_GPIO_Init
    gpio.o(.ARM.exidx.text.MX_GPIO_Init) refers to gpio.o(.text.MX_GPIO_Init) for [Anonymous Symbol]
    icache.o(.text.MX_ICACHE_Init) refers to stm32h5xx_hal_icache.o(.text.HAL_ICACHE_ConfigAssociativityMode) for HAL_ICACHE_ConfigAssociativityMode
    icache.o(.text.MX_ICACHE_Init) refers to main.o(.text.Error_Handler) for Error_Handler
    icache.o(.text.MX_ICACHE_Init) refers to stm32h5xx_hal_icache.o(.text.HAL_ICACHE_Enable) for HAL_ICACHE_Enable
    icache.o(.ARM.exidx.text.MX_ICACHE_Init) refers to icache.o(.text.MX_ICACHE_Init) for [Anonymous Symbol]
    custom_bus.o(.text.BSP_I2C1_Init) refers to custom_bus.o(.bss.hi2c1) for hi2c1
    custom_bus.o(.text.BSP_I2C1_Init) refers to custom_bus.o(.bss.I2C1InitCounter) for I2C1InitCounter
    custom_bus.o(.text.BSP_I2C1_Init) refers to stm32h5xx_hal_i2c.o(.text.HAL_I2C_GetState) for HAL_I2C_GetState
    custom_bus.o(.text.BSP_I2C1_Init) refers to custom_bus.o(.text.I2C1_MspInit) for I2C1_MspInit
    custom_bus.o(.text.BSP_I2C1_Init) refers to custom_bus.o(.text.MX_I2C1_Init) for MX_I2C1_Init
    custom_bus.o(.text.BSP_I2C1_Init) refers to stm32h5xx_hal_i2c_ex.o(.text.HAL_I2CEx_ConfigAnalogFilter) for HAL_I2CEx_ConfigAnalogFilter
    custom_bus.o(.ARM.exidx.text.BSP_I2C1_Init) refers to custom_bus.o(.text.BSP_I2C1_Init) for [Anonymous Symbol]
    custom_bus.o(.text.I2C1_MspInit) refers to memseta.o(.text) for __aeabi_memclr8
    custom_bus.o(.text.I2C1_MspInit) refers to stm32h5xx_hal_rcc_ex.o(.text.HAL_RCCEx_PeriphCLKConfig) for HAL_RCCEx_PeriphCLKConfig
    custom_bus.o(.text.I2C1_MspInit) refers to stm32h5xx_hal_gpio.o(.text.HAL_GPIO_Init) for HAL_GPIO_Init
    custom_bus.o(.ARM.exidx.text.I2C1_MspInit) refers to custom_bus.o(.text.I2C1_MspInit) for [Anonymous Symbol]
    custom_bus.o(.text.MX_I2C1_Init) refers to stm32h5xx_hal_i2c.o(.text.HAL_I2C_Init) for HAL_I2C_Init
    custom_bus.o(.text.MX_I2C1_Init) refers to stm32h5xx_hal_i2c_ex.o(.text.HAL_I2CEx_ConfigAnalogFilter) for HAL_I2CEx_ConfigAnalogFilter
    custom_bus.o(.text.MX_I2C1_Init) refers to stm32h5xx_hal_i2c_ex.o(.text.HAL_I2CEx_ConfigDigitalFilter) for HAL_I2CEx_ConfigDigitalFilter
[...]
    ../clib/microlib/init/entry.s            0x00000000   Number         0  entry11b.o ABSOLUTE
    ../clib/microlib/longlong.c              0x00000000   Number         0  llshl.o ABSOLUTE
    ../clib/microlib/longlong.c              0x00000000   Number         0  llushr.o ABSOLUTE
    ../clib/microlib/longlong.c              0x00000000   Number         0  llsshr.o ABSOLUTE
    ../clib/microlib/printf/printf.c         0x00000000   Number         0  printfa.o ABSOLUTE
    ../clib/microlib/stdio/streams.c         0x00000000   Number         0  stdout.o ABSOLUTE
    ../clib/microlib/string/memcpy.c         0x00000000   Number         0  memcpya.o ABSOLUTE
    ../clib/microlib/string/memcpy.c         0x00000000   Number         0  memcpyb.o ABSOLUTE
    ../clib/microlib/string/memset.c         0x00000000   Number         0  memseta.o ABSOLUTE
    ../clib/microlib/stubs.s                 0x00000000   Number         0  iusefp.o ABSOLUTE
    ../fplib/microlib/f2d.c                  0x00000000   Number         0  f2d.o ABSOLUTE
    ../fplib/microlib/fpadd.c                0x00000000   Number         0  dadd.o ABSOLUTE
    ../fplib/microlib/fpdiv.c                0x00000000   Number         0  ddiv.o ABSOLUTE
    ../fplib/microlib/fpepilogue.c           0x00000000   Number         0  depilogue.o ABSOLUTE
    ../fplib/microlib/fpfix.c                0x00000000   Number         0  dfixi.o ABSOLUTE
    ../fplib/microlib/fpfix.c                0x00000000   Number         0  dfixul.o ABSOLUTE
    ../fplib/microlib/fpmul.c                0x00000000   Number         0  dmul.o ABSOLUTE
    ../fplib/microlib/fprnd.c                0x00000000   Number         0  drnd.o ABSOLUTE
    ../mathlib/round.c                       0x00000000   Number         0  round.o ABSOLUTE
    app_tof.c                                0x00000000   Number         0  app_tof.o ABSOLUTE
    bsp.c                                    0x00000000   Number         0  bsp.o ABSOLUTE
    cdcmple.s                                0x00000000   Number         0  cdcmple.o ABSOLUTE
    cdrcmple.s                               0x00000000   Number         0  cdrcmple.o ABSOLUTE
    custom.c                                 0x00000000   Number         0  custom.o ABSOLUTE
    custom_bus.c                             0x00000000   Number         0  custom_bus.o ABSOLUTE
    custom_ranging_sensor.c                  0x00000000   Number         0  custom_ranging_sensor.o ABSOLUTE
    dc.s                                     0x00000000   Number         0  dc.o ABSOLUTE
    gpio.c                                   0x00000000   Number         0  gpio.o ABSOLUTE
    handlers.s                               0x00000000   Number         0  handlers.o ABSOLUTE
    icache.c                                 0x00000000   Number         0  icache.o ABSOLUTE
    init.s                                   0x00000000   Number         0  init.o ABSOLUTE
    main.c                                   0x00000000   Number         0  main.o ABSOLUTE
    platform.c                               0x00000000   Number         0  platform.o ABSOLUTE
    startup_stm32h503xx.s                    0x00000000   Number         0  startup_stm32h503xx.o ABSOLUTE
    stm32h5xx_hal.c                          0x00000000   Number         0  stm32h5xx_hal.o ABSOLUTE
    stm32h5xx_hal_cortex.c                   0x00000000   Number         0  stm32h5xx_hal_cortex.o ABSOLUTE
    stm32h5xx_hal_dma.c                      0x00000000   Number         0  stm32h5xx_hal_dma.o ABSOLUTE
    stm32h5xx_hal_dma_ex.c                   0x00000000   Number         0  stm32h5xx_hal_dma_ex.o ABSOLUTE
    stm32h5xx_hal_exti.c                     0x00000000   Number         0  stm32h5xx_hal_exti.o ABSOLUTE
    stm32h5xx_hal_flash.c                    0x00000000   Number         0  stm32h5xx_hal_flash.o ABSOLUTE
    stm32h5xx_hal_flash_ex.c                 0x00000000   Number         0  stm32h5xx_hal_flash_ex.o ABSOLUTE
    stm32h5xx_hal_gpio.c                     0x00000000   Number         0  stm32h5xx_hal_gpio.o ABSOLUTE
    stm32h5xx_hal_i2c.c                      0x00000000   Number         0  stm32h5xx_hal_i2c.o ABSOLUTE
    stm32h5xx_hal_i2c_ex.c                   0x00000000   Number         0  stm32h5xx_hal_i2c_ex.o ABSOLUTE
    stm32h5xx_hal_icache.c                   0x00000000   Number         0  stm32h5xx_hal_icache.o ABSOLUTE
    stm32h5xx_hal_msp.c                      0x00000000   Number         0  stm32h5xx_hal_msp.o ABSOLUTE
    stm32h5xx_hal_pwr.c                      0x00000000   Number         0  stm32h5xx_hal_pwr.o ABSOLUTE
    stm32h5xx_hal_pwr_ex.c                   0x00000000   Number         0  stm32h5xx_hal_pwr_ex.o ABSOLUTE
    stm32h5xx_hal_rcc.c                      0x00000000   Number         0  stm32h5xx_hal_rcc.o ABSOLUTE
    stm32h5xx_hal_rcc_ex.c                   0x00000000   Number         0  stm32h5xx_hal_rcc_ex.o ABSOLUTE
    stm32h5xx_hal_uart.c                     0x00000000   Number         0  stm32h5xx_hal_uart.o ABSOLUTE
    stm32h5xx_hal_uart_ex.c                  0x00000000   Number         0  stm32h5xx_hal_uart_ex.o ABSOLUTE
    stm32h5xx_it.c                           0x00000000   Number         0  stm32h5xx_it.o ABSOLUTE
    system_stm32h5xx.c                       0x00000000   Number         0  system_stm32h5xx.o ABSOLUTE
    vl53l4cd.c                               0x00000000   Number         0  vl53l4cd.o ABSOLUTE
    vl53l4cd_api.c                           0x00000000   Number         0  vl53l4cd_api.o ABSOLUTE
    vl53l4cd_calibration.c                   0x00000000   Number         0  vl53l4cd_calibration.o ABSOLUTE
    RESET                                    0x08000000   Section      600  startup_stm32h503xx.o(RESET)
    .ARM.Collect$$$$00000000                 0x08000258   Section        0  entry.o(.ARM.Collect$$$$00000000)
    .ARM.Collect$$$$00000001                 0x08000258   Section        4  entry2.o(.ARM.Collect$$$$00000001)
    .ARM.Collect$$$$00000004                 0x0800025c   Section        4  entry5.o(.ARM.Collect$$$$00000004)
    .ARM.Collect$$$$00000008                 0x08000260   Section        0  entry7b.o(.ARM.Collect$$$$00000008)
    .ARM.Collect$$$$0000000A                 0x08000260   Section        0  entry8b.o(.ARM.Collect$$$$0000000A)
    .ARM.Collect$$$$0000000B                 0x08000260   Section        8  entry9a.o(.ARM.Collect$$$$0000000B)
    __lit__00000000                          0x08000268   Data           4  entry2.o(.ARM.Collect$$$$00002712)
    .ARM.Collect$$$$0000000D                 0x08000268   Section        0  entry10a.o(.ARM.Collect$$$$0000000D)
    .ARM.Collect$$$$0000000F                 0x08000268   Section        0  entry11a.o(.ARM.Collect$$$$0000000F)
    .ARM.Collect$$$$00002712                 0x08000268   Section        4  entry2.o(.ARM.Collect$$$$00002712)
    $v0                                      0x0800026c   Number         0  startup_stm32h503xx.o(.text)
    .text                                    0x0800026c   Section       40  startup_stm32h503xx.o(.text)
    .text                                    0x08000294   Section        0  uldiv.o(.text)
    .text                                    0x080002f6   Section        0  memcpya.o(.text)
    .text                                    0x0800031a   Section        0  memseta.o(.text)
    .text                                    0x0800033e   Section        0  uidiv.o(.text)
    .text                                    0x0800036a   Section        0  llshl.o(.text)
    .text                                    0x08000388   Section        0  llushr.o(.text)
    .text                                    0x080003a8   Section        0  iusefp.o(.text)
    .text                                    0x080003a8   Section        0  dadd.o(.text)
    .text                                    0x080004f6   Section        0  dmul.o(.text)
    .text                                    0x080005da   Section        0  ddiv.o(.text)
    .text                                    0x080006b8   Section        0  dfixul.o(.text)
    .text                                    0x080006e8   Section       48  cdrcmple.o(.text)
    .text                                    0x08000718   Section       36  init.o(.text)
    .text                                    0x0800073c   Section        0  llsshr.o(.text)
    .text                                    0x08000760   Section        0  depilogue.o(.text)
    [Anonymous Symbol]                       0x0800081c   Section        0  custom.o(.text.BSP_COM_Init)
    [Anonymous Symbol]                       0x08000890   Section        0  custom_bus.o(.text.BSP_GetTick)
    [Anonymous Symbol]                       0x08000898   Section        0  custom_bus.o(.text.BSP_I2C1_DeInit)
    [Anonymous Symbol]                       0x080008ec   Section        0  custom_bus.o(.text.BSP_I2C1_Init)
    [Anonymous Symbol]                       0x08000980   Section        0  custom_bus.o(.text.BSP_I2C1_Recv)
    [Anonymous Symbol]                       0x080009e0   Section        0  custom_bus.o(.text.BSP_I2C1_Send)
    [Anonymous Symbol]                       0x08000a40   Section        0  stm32h5xx_it.o(.text.BusFault_Handler)
    [Anonymous Symbol]                       0x08000a44   Section        0  custom_ranging_sensor.o(.text.CUSTOM_RANGING_SENSOR_ConfigProfile)
    [Anonymous Symbol]                       0x08000a98   Section        0  custom_ranging_sensor.o(.text.CUSTOM_RANGING_SENSOR_GetCapabilities)
    [Anonymous Symbol]                       0x08000aec   Section        0  custom_ranging_sensor.o(.text.CUSTOM_RANGING_SENSOR_GetDistance)
    [Anonymous Symbol]                       0x08000b40   Section        0  custom_ranging_sensor.o(.text.CUSTOM_RANGING_SENSOR_Init)
    [Anonymous Symbol]                       0x08000b88   Section        0  custom_ranging_sensor.o(.text.CUSTOM_RANGING_SENSOR_ReadID)
    [Anonymous Symbol]                       0x08000bdc   Section        0  custom_ranging_sensor.o(.text.CUSTOM_RANGING_SENSOR_Start)
    [Anonymous Symbol]                       0x08000c34   Section        0  stm32h5xx_it.o(.text.DebugMon_Handler)
    [Anonymous Symbol]                       0x08000c38   Section        0  main.o(.text.Error_Handler)
    [Anonymous Symbol]                       0x08000c40   Section        0  stm32h5xx_hal.o(.text.HAL_Delay)
    [Anonymous Symbol]                       0x08000c84   Section        0  stm32h5xx_hal_gpio.o(.text.HAL_GPIO_DeInit)
    [Anonymous Symbol]                       0x08000dd4   Section        0  stm32h5xx_hal_gpio.o(.text.HAL_GPIO_Init)
    [Anonymous Symbol]                       0x080010c0   Section        0  stm32h5xx_hal_gpio.o(.text.HAL_GPIO_WritePin)
    [Anonymous Symbol]                       0x080010ec   Section        0  stm32h5xx_hal.o(.text.HAL_GetTick)
    [Anonymous Symbol]                       0x080010f8   Section        0  stm32h5xx_hal_i2c_ex.o(.text.HAL_I2CEx_ConfigAnalogFilter)
    [Anonymous Symbol]                       0x08001190   Section        0  stm32h5xx_hal_i2c_ex.o(.text.HAL_I2CEx_ConfigDigitalFilter)
    [Anonymous Symbol]                       0x08001234   Section        0  stm32h5xx_hal_i2c.o(.text.HAL_I2C_DeInit)
    [Anonymous Symbol]                       0x08001294   Section        0  stm32h5xx_hal_i2c.o(.text.HAL_I2C_GetError)
    [Anonymous Symbol]                       0x080012a0   Section        0  stm32h5xx_hal_i2c.o(.text.HAL_I2C_GetState)
    [Anonymous Symbol]                       0x080012b0   Section        0  stm32h5xx_hal_i2c.o(.text.HAL_I2C_Init)
    [Anonymous Symbol]                       0x080013c4   Section        0  stm32h5xx_hal_i2c.o(.text.HAL_I2C_Master_Receive)
    [Anonymous Symbol]                       0x080015e0   Section        0  stm32h5xx_hal_i2c.o(.text.HAL_I2C_Master_Transmit)
    [Anonymous Symbol]                       0x080017fc   Section        0  stm32h5xx_hal_i2c.o(.text.HAL_I2C_MspDeInit)
    [Anonymous Symbol]                       0x08001804   Section        0  stm32h5xx_hal_i2c.o(.text.HAL_I2C_MspInit)
    [Anonymous Symbol]                       0x0800180c   Section        0  stm32h5xx_hal_icache.o(.text.HAL_ICACHE_ConfigAssociativityMode)
    [Anonymous Symbol]                       0x0800184c   Section        0  stm32h5xx_hal_icache.o(.text.HAL_ICACHE_Enable)
    [Anonymous Symbol]                       0x08001860   Section        0  stm32h5xx_hal.o(.text.HAL_IncTick)
    [Anonymous Symbol]                       0x0800187c   Section        0  stm32h5xx_hal.o(.text.HAL_Init)
    [Anonymous Symbol]                       0x080018dc   Section        0  stm32h5xx_hal.o(.text.HAL_InitTick)
    [Anonymous Symbol]                       0x080019f0   Section        0  stm32h5xx_hal_msp.o(.text.HAL_MspInit)
    [Anonymous Symbol]                       0x080019f4   Section        0  stm32h5xx_hal_cortex.o(.text.HAL_NVIC_SetPriority)
    [Anonymous Symbol]                       0x08001a24   Section        0  stm32h5xx_hal_cortex.o(.text.HAL_NVIC_SetPriorityGrouping)
    [Anonymous Symbol]                       0x08001a34   Section        0  stm32h5xx_hal_rcc_ex.o(.text.HAL_RCCEx_GetPLL1ClockFreq)
    [Anonymous Symbol]                       0x08001d2c   Section        0  stm32h5xx_hal_rcc_ex.o(.text.HAL_RCCEx_GetPLL2ClockFreq)
    [Anonymous Symbol]                       0x08002024   Section        0  stm32h5xx_hal_rcc_ex.o(.text.HAL_RCCEx_GetPeriphCLKFreq)
    [Anonymous Symbol]                       0x08003014   Section        0  stm32h5xx_hal_rcc_ex.o(.text.HAL_RCCEx_PeriphCLKConfig)
    [Anonymous Symbol]                       0x08003ab0   Section        0  stm32h5xx_hal_rcc.o(.text.HAL_RCC_ClockConfig)
    [Anonymous Symbol]                       0x08003f44   Section        0  stm32h5xx_hal_rcc.o(.text.HAL_RCC_GetHCLKFreq)
    [Anonymous Symbol]                       0x08003f78   Section        0  stm32h5xx_hal_rcc.o(.text.HAL_RCC_GetPCLK1Freq)
    [Anonymous Symbol]                       0x08003fa0   Section        0  stm32h5xx_hal_rcc.o(.text.HAL_RCC_GetPCLK2Freq)
    [Anonymous Symbol]                       0x08003fc8   Section        0  stm32h5xx_hal_rcc.o(.text.HAL_RCC_GetPCLK3Freq)
    [Anonymous Symbol]                       0x08003ff0   Section        0  stm32h5xx_hal_rcc.o(.text.HAL_RCC_GetSysClockFreq)
    [Anonymous Symbol]                       0x080042bc   Section        0  stm32h5xx_hal_rcc.o(.text.HAL_RCC_OscConfig)
    [Anonymous Symbol]                       0x08004cb8   Section        0  stm32h5xx_hal_cortex.o(.text.HAL_SYSTICK_CLKSourceConfig)
    [Anonymous Symbol]                       0x08004d54   Section        0  stm32h5xx_hal_cortex.o(.text.HAL_SYSTICK_Config)
    [Anonymous Symbol]                       0x08004da0   Section        0  stm32h5xx_hal_cortex.o(.text.HAL_SYSTICK_GetCLKSourceConfig)
    [Anonymous Symbol]                       0x08004e04   Section        0  stm32h5xx_hal_uart_ex.o(.text.HAL_UARTEx_DisableFifoMode)
    [Anonymous Symbol]                       0x08004e80   Section        0  stm32h5xx_hal_uart_ex.o(.text.HAL_UARTEx_SetRxFifoThreshold)
    [Anonymous Symbol]                       0x08004f0c   Section        0  stm32h5xx_hal_uart_ex.o(.text.HAL_UARTEx_SetTxFifoThreshold)
    [Anonymous Symbol]                       0x08004f98   Section        0  stm32h5xx_hal_uart.o(.text.HAL_UART_Init)
    [Anonymous Symbol]                       0x08005044   Section        0  stm32h5xx_hal_uart.o(.text.HAL_UART_MspInit)
    [Anonymous Symbol]                       0x0800504c   Section        0  stm32h5xx_hal_uart.o(.text.HAL_UART_Transmit)
    [Anonymous Symbol]                       0x080051a0   Section        0  stm32h5xx_it.o(.text.HardFault_Handler)
    I2C1_MspDeInit                           0x080051a5   Thumb Code    50  custom_bus.o(.text.I2C1_MspDeInit)
    [Anonymous Symbol]                       0x080051a4   Section        0  custom_bus.o(.text.I2C1_MspDeInit)
    I2C1_MspInit                             0x080051d9   Thumb Code   174  custom_bus.o(.text.I2C1_MspInit)
    [Anonymous Symbol]                       0x080051d8   Section        0  custom_bus.o(.text.I2C1_MspInit)
    I2C_Flush_TXDR                           0x08005289   Thumb Code    64  stm32h5xx_hal_i2c.o(.text.I2C_Flush_TXDR)
    [Anonymous Symbol]                       0x08005288   Section        0  stm32h5xx_hal_i2c.o(.text.I2C_Flush_TXDR)
    I2C_IsErrorOccurred                      0x080052c9   Thumb Code   510  stm32h5xx_hal_i2c.o(.text.I2C_IsErrorOccurred)
    [Anonymous Symbol]                       0x080052c8   Section        0  stm32h5xx_hal_i2c.o(.text.I2C_IsErrorOccurred)
    I2C_TransferConfig                       0x080054c9   Thumb Code    84  stm32h5xx_hal_i2c.o(.text.I2C_TransferConfig)
    [Anonymous Symbol]                       0x080054c8   Section        0  stm32h5xx_hal_i2c.o(.text.I2C_TransferConfig)
    I2C_WaitOnFlagUntilTimeout               0x0800551d   Thumb Code   196  stm32h5xx_hal_i2c.o(.text.I2C_WaitOnFlagUntilTimeout)
    [Anonymous Symbol]                       0x0800551c   Section        0  stm32h5xx_hal_i2c.o(.text.I2C_WaitOnFlagUntilTimeout)
    I2C_WaitOnRXNEFlagUntilTimeout           0x080055e1   Thumb Code   360  stm32h5xx_hal_i2c.o(.text.I2C_WaitOnRXNEFlagUntilTimeout)
    [Anonymous Symbol]                       0x080055e0   Section        0  stm32h5xx_hal_i2c.o(.text.I2C_WaitOnRXNEFlagUntilTimeout)
    I2C_WaitOnSTOPFlagUntilTimeout           0x08005749   Thumb Code   162  stm32h5xx_hal_i2c.o(.text.I2C_WaitOnSTOPFlagUntilTimeout)
    [Anonymous Symbol]                       0x08005748   Section        0  stm32h5xx_hal_i2c.o(.text.I2C_WaitOnSTOPFlagUntilTimeout)
    I2C_WaitOnTXISFlagUntilTimeout           0x080057ed   Thumb Code   172  stm32h5xx_hal_i2c.o(.text.I2C_WaitOnTXISFlagUntilTimeout)
    [Anonymous Symbol]                       0x080057ec   Section        0  stm32h5xx_hal_i2c.o(.text.I2C_WaitOnTXISFlagUntilTimeout)
    [Anonymous Symbol]                       0x08005898   Section        0  gpio.o(.text.MX_GPIO_Init)
    [Anonymous Symbol]                       0x08005914   Section        0  custom_bus.o(.text.MX_I2C1_Init)
    [Anonymous Symbol]                       0x08005998   Section        0  icache.o(.text.MX_ICACHE_Init)
    [Anonymous Symbol]                       0x080059bc   Section        0  app_tof.o(.text.MX_TOF_Init)
    [Anonymous Symbol]                       0x080059c4   Section        0  app_tof.o(.text.MX_TOF_Process)
    [Anonymous Symbol]                       0x080059cc   Section        0  custom.o(.text.MX_USART1_UART_Init)
    MX_VL53L4CD_SimpleRanging_Init           0x08005a69   Thumb Code    68  app_tof.o(.text.MX_VL53L4CD_SimpleRanging_Init)
    [Anonymous Symbol]                       0x08005a68   Section        0  app_tof.o(.text.MX_VL53L4CD_SimpleRanging_Init)
    MX_VL53L4CD_SimpleRanging_Process        0x08005aad   Thumb Code   132  app_tof.o(.text.MX_VL53L4CD_SimpleRanging_Process)
    [Anonymous Symbol]                       0x08005aac   Section        0  app_tof.o(.text.MX_VL53L4CD_SimpleRanging_Process)
    [Anonymous Symbol]                       0x08005b30   Section        0  stm32h5xx_it.o(.text.MemManage_Handler)
    [Anonymous Symbol]                       0x08005b34   Section        0  stm32h5xx_it.o(.text.NMI_Handler)
    NVIC_EncodePriority                      0x08005b39   Thumb Code   108  stm32h5xx_hal_cortex.o(.text.NVIC_EncodePriority)
    [Anonymous Symbol]                       0x08005b38   Section        0  stm32h5xx_hal_cortex.o(.text.NVIC_EncodePriority)
    [Anonymous Symbol]                       0x08005ba4   Section        0  stm32h5xx_it.o(.text.PendSV_Handler)
    RCCEx_PLL2_Config                        0x08005ba9   Thumb Code   364  stm32h5xx_hal_rcc_ex.o(.text.RCCEx_PLL2_Config)
    [Anonymous Symbol]                       0x08005ba8   Section        0  stm32h5xx_hal_rcc_ex.o(.text.RCCEx_PLL2_Config)
    [Anonymous Symbol]                       0x08005d14   Section        0  stm32h5xx_it.o(.text.SVC_Handler)
    [Anonymous Symbol]                       0x08005d18   Section        0  stm32h5xx_it.o(.text.SysTick_Handler)
    [Anonymous Symbol]                       0x08005d20   Section        0  main.o(.text.SystemClock_Config)
    [Anonymous Symbol]                       0x08005de8   Section        0  system_stm32h5xx.o(.text.SystemInit)
    UARTEx_SetNbDataToProcess                0x08005f01   Thumb Code   138  stm32h5xx_hal_uart_ex.o(.text.UARTEx_SetNbDataToProcess)
    [Anonymous Symbol]                       0x08005f00   Section        0  stm32h5xx_hal_uart_ex.o(.text.UARTEx_SetNbDataToProcess)
    [Anonymous Symbol]                       0x08005f8c   Section        0  stm32h5xx_hal_uart.o(.text.UART_AdvFeatureConfig)
    [Anonymous Symbol]                       0x080060d4   Section        0  stm32h5xx_hal_uart.o(.text.UART_CheckIdleState)
    UART_EndRxTransfer                       0x0800621d   Thumb Code   158  stm32h5xx_hal_uart.o(.text.UART_EndRxTransfer)
    [Anonymous Symbol]                       0x0800621c   Section        0  stm32h5xx_hal_uart.o(.text.UART_EndRxTransfer)
    [Anonymous Symbol]                       0x080062bc   Section        0  stm32h5xx_hal_uart.o(.text.UART_SetConfig)
    [Anonymous Symbol]                       0x080065ac   Section        0  stm32h5xx_hal_uart.o(.text.UART_WaitOnFlagUntilTimeout)
    USART1_MspInit                           0x080066b9   Thumb Code   172  custom.o(.text.USART1_MspInit)
    [Anonymous Symbol]                       0x080066b8   Section        0  custom.o(.text.USART1_MspInit)
    [Anonymous Symbol]                       0x08006764   Section        0  stm32h5xx_it.o(.text.UsageFault_Handler)
    [Anonymous Symbol]                       0x08006768   Section        0  vl53l4cd_api.o(.text.VL53L4CD_CheckForDataReady)
    [Anonymous Symbol]                       0x08006800   Section        0  vl53l4cd_api.o(.text.VL53L4CD_ClearInterrupt)
    [Anonymous Symbol]                       0x0800682c   Section        0  vl53l4cd.o(.text.VL53L4CD_ConfigIT)
    [Anonymous Symbol]                       0x080068b0   Section        0  vl53l4cd.o(.text.VL53L4CD_ConfigProfile)
    [Anonymous Symbol]                       0x08006938   Section        0  vl53l4cd.o(.text.VL53L4CD_ConfigROI)
    [Anonymous Symbol]                       0x08006948   Section        0  vl53l4cd.o(.text.VL53L4CD_DeInit)
    [Anonymous Symbol]                       0x08006994   Section        0  vl53l4cd.o(.text.VL53L4CD_GetAddress)
    [Anonymous Symbol]                       0x080069c4   Section        0  vl53l4cd.o(.text.VL53L4CD_GetCapabilities)
    [Anonymous Symbol]                       0x080069fc   Section        0  vl53l4cd.o(.text.VL53L4CD_GetDistance)
    [Anonymous Symbol]                       0x08006a98   Section        0  vl53l4cd.o(.text.VL53L4CD_GetPowerMode)
    [Anonymous Symbol]                       0x08006aa8   Section        0  vl53l4cd_api.o(.text.VL53L4CD_GetResult)
    [Anonymous Symbol]                       0x08006bcc   Section        0  vl53l4cd.o(.text.VL53L4CD_Init)
    VL53L4CD_Probe                           0x08006c2d   Thumb Code   278  custom_ranging_sensor.o(.text.VL53L4CD_Probe)
    [Anonymous Symbol]                       0x08006c2c   Section        0  custom_ranging_sensor.o(.text.VL53L4CD_Probe)
    [Anonymous Symbol]                       0x08006d44   Section        0  platform.o(.text.VL53L4CD_RdByte)
    [Anonymous Symbol]                       0x08006da8   Section        0  platform.o(.text.VL53L4CD_RdDWord)
    [Anonymous Symbol]                       0x08006e20   Section        0  platform.o(.text.VL53L4CD_RdWord)
    [Anonymous Symbol]                       0x08006e9c   Section        0  vl53l4cd.o(.text.VL53L4CD_ReadID)
    [Anonymous Symbol]                       0x08006ee8   Section        0  vl53l4cd.o(.text.VL53L4CD_RegisterBusIO)
    [Anonymous Symbol]                       0x08006f58   Section        0  vl53l4cd_api.o(.text.VL53L4CD_SensorInit)
    [Anonymous Symbol]                       0x0800712c   Section        0  vl53l4cd.o(.text.VL53L4CD_SetAddress)
    [Anonymous Symbol]                       0x08007174   Section        0  vl53l4cd_api.o(.text.VL53L4CD_SetDetectionThresholds)
    [Anonymous Symbol]                       0x080071dc   Section        0  vl53l4cd_api.o(.text.VL53L4CD_SetI2CAddress)
    [Anonymous Symbol]                       0x08007210   Section        0  vl53l4cd.o(.text.VL53L4CD_SetPowerMode)
    [Anonymous Symbol]                       0x08007220   Section        0  vl53l4cd_api.o(.text.VL53L4CD_SetRangeTiming)
    [Anonymous Symbol]                       0x08007454   Section        0  vl53l4cd.o(.text.VL53L4CD_Start)
    [Anonymous Symbol]                       0x080074e8   Section        0  vl53l4cd_api.o(.text.VL53L4CD_StartRanging)
    [Anonymous Symbol]                       0x08007548   Section        0  vl53l4cd.o(.text.VL53L4CD_Stop)
    [Anonymous Symbol]                       0x08007594   Section        0  vl53l4cd_api.o(.text.VL53L4CD_StopRanging)
    [Anonymous Symbol]                       0x080075c0   Section        0  platform.o(.text.VL53L4CD_WaitMs)
    [Anonymous Symbol]                       0x080075ec   Section        0  platform.o(.text.VL53L4CD_WrByte)
    [Anonymous Symbol]                       0x0800763c   Section        0  platform.o(.text.VL53L4CD_WrDWord)
    [Anonymous Symbol]                       0x08007698   Section        0  platform.o(.text.VL53L4CD_WrWord)
    _I2CRead                                 0x080076ed   Thumb Code    28  platform.o(.text._I2CRead)
    [Anonymous Symbol]                       0x080076ec   Section        0  platform.o(.text._I2CRead)
    _I2CWrite                                0x08007709   Thumb Code    28  platform.o(.text._I2CWrite)
    [Anonymous Symbol]                       0x08007708   Section        0  platform.o(.text._I2CWrite)
    __NVIC_GetPriorityGrouping               0x08007725   Thumb Code    16  stm32h5xx_hal_cortex.o(.text.__NVIC_GetPriorityGrouping)
    [Anonymous Symbol]                       0x08007724   Section        0  stm32h5xx_hal_cortex.o(.text.__NVIC_GetPriorityGrouping)
    __NVIC_SetPriority                       0x08007735   Thumb Code    66  stm32h5xx_hal_cortex.o(.text.__NVIC_SetPriority)
    [Anonymous Symbol]                       0x08007734   Section        0  stm32h5xx_hal_cortex.o(.text.__NVIC_SetPriority)
    __NVIC_SetPriorityGrouping               0x08007779   Thumb Code    60  stm32h5xx_hal_cortex.o(.text.__NVIC_SetPriorityGrouping)
    [Anonymous Symbol]                       0x08007778   Section        0  stm32h5xx_hal_cortex.o(.text.__NVIC_SetPriorityGrouping)
    decimal_part                             0x080077b5   Thumb Code    60  app_tof.o(.text.decimal_part)
    [Anonymous Symbol]                       0x080077b4   Section        0  app_tof.o(.text.decimal_part)
    [Anonymous Symbol]                       0x080077f0   Section        0  custom.o(.text.fputc)
    [Anonymous Symbol]                       0x08007824   Section        0  main.o(.text.main)
    print_result                             0x08007849   Thumb Code   326  app_tof.o(.text.print_result)
    [Anonymous Symbol]                       0x08007848   Section        0  app_tof.o(.text.print_result)
    reset_device                             0x08007991   Thumb Code    50  custom_ranging_sensor.o(.text.reset_device)
    [Anonymous Symbol]                       0x08007990   Section        0  custom_ranging_sensor.o(.text.reset_device)
    vl53l4cd_get_result                      0x080079c5   Thumb Code   158  vl53l4cd.o(.text.vl53l4cd_get_result)
    [Anonymous Symbol]                       0x080079c4   Section        0  vl53l4cd.o(.text.vl53l4cd_get_result)
    vl53l4cd_poll_for_measurement            0x08007a65   Thumb Code    92  vl53l4cd.o(.text.vl53l4cd_poll_for_measurement)
    [Anonymous Symbol]                       0x08007a64   Section        0  vl53l4cd.o(.text.vl53l4cd_poll_for_measurement)
    i.__0printf                              0x08007ac0   Section        0  printfa.o(i.__0printf)
    i.__scatterload_copy                     0x08007ae0   Section       14  handlers.o(i.__scatterload_copy)
    i.__scatterload_null                     0x08007aee   Section        2  handlers.o(i.__scatterload_null)
    i.__scatterload_zeroinit                 0x08007af0   Section       14  handlers.o(i.__scatterload_zeroinit)
    _fp_digits                               0x08007b01   Thumb Code   366  printfa.o(i._fp_digits)
    i._fp_digits                             0x08007b00   Section        0  printfa.o(i._fp_digits)
    _printf_core                             0x08007c85   Thumb Code  1744  printfa.o(i._printf_core)
    i._printf_core                           0x08007c84   Section        0  printfa.o(i._printf_core)
    _printf_post_padding                     0x08008361   Thumb Code    36  printfa.o(i._printf_post_padding)
    i._printf_post_padding                   0x08008360   Section        0  printfa.o(i._printf_post_padding)
    _printf_pre_padding                      0x08008385   Thumb Code    46  printfa.o(i._printf_pre_padding)
    i._printf_pre_padding                    0x08008384   Section        0  printfa.o(i._printf_pre_padding)
    .L__const.VL53L4CD_GetResult.status_rtn  0x080083b2   Data          24  vl53l4cd_api.o(.rodata..L__const.VL53L4CD_GetResult.status_rtn)
    UARTEx_SetNbDataToProcess.denominator    0x080083e2   Data           8  stm32h5xx_hal_uart_ex.o(.rodata.UARTEx_SetNbDataToProcess.denominator)
    [Anonymous Symbol]                       0x080083e2   Section        0  stm32h5xx_hal_uart_ex.o(.rodata.UARTEx_SetNbDataToProcess.denominator)
    UARTEx_SetNbDataToProcess.numerator      0x080083ea   Data           8  stm32h5xx_hal_uart_ex.o(.rodata.UARTEx_SetNbDataToProcess.numerator)
    [Anonymous Symbol]                       0x080083ea   Section        0  stm32h5xx_hal_uart_ex.o(.rodata.UARTEx_SetNbDataToProcess.numerator)
    VL53L4CD_DEFAULT_CONFIGURATION           0x0800840a   Data          91  vl53l4cd_api.o(.rodata.VL53L4CD_DEFAULT_CONFIGURATION)
    [Anonymous Symbol]                       0x0800840a   Section        0  vl53l4cd_api.o(.rodata.VL53L4CD_DEFAULT_CONFIGURATION)
    .L.str.1                                 0x08008465   Data          35  app_tof.o(.rodata.str1.1)
    [Anonymous Symbol]                       0x08008465   Section        0  app_tof.o(.rodata.str1.1)
    .L.str                                   0x08008488   Data          42  app_tof.o(.rodata.str1.1)
    .L.str.7                                 0x080084b0   Data           2  app_tof.o(.rodata.str1.1)
    .L.str.3                                 0x080084b2   Data           9  app_tof.o(.rodata.str1.1)
    .L.str.4                                 0x080084bb   Data          34  app_tof.o(.rodata.str1.1)
    .L.str.6                                 0x080084dd   Data          31  app_tof.o(.rodata.str1.1)
    .L.str.5                                 0x080084fc   Data          32  app_tof.o(.rodata.str1.1)
    .L.str.2                                 0x0800851c   Data          15  app_tof.o(.rodata.str1.1)
    .data                                    0x20000000   Section        4  stdout.o(.data)
    COM_ActiveLogPort                        0x20000050   Data           1  custom.o(.bss.COM_ActiveLogPort)
    [Anonymous Symbol]                       0x20000050   Section        0  custom.o(.bss.COM_ActiveLogPort)
    CUSTOM_RANGING_Drv                       0x20000058   Data           4  custom_ranging_sensor.o(.bss.CUSTOM_RANGING_Drv)
    [Anonymous Symbol]                       0x20000058   Section        0  custom_ranging_sensor.o(.bss.CUSTOM_RANGING_Drv)
    Cap                                      0x2000005c   Data          16  app_tof.o(.bss.Cap)
    [Anonymous Symbol]                       0x2000005c   Section        0  app_tof.o(.bss.Cap)
    I2C1InitCounter                          0x2000006c   Data           4  custom_bus.o(.bss.I2C1InitCounter)
    [Anonymous Symbol]                       0x2000006c   Section        0  custom_bus.o(.bss.I2C1InitCounter)
    Profile                                  0x20000070   Data          20  app_tof.o(.bss.Profile)
    [Anonymous Symbol]                       0x20000070   Section        0  app_tof.o(.bss.Profile)
    RANGING_SENSOR_Cap                       0x20000084   Data          16  custom_ranging_sensor.o(.bss.RANGING_SENSOR_Cap)
    [Anonymous Symbol]                       0x20000084   Section        0  custom_ranging_sensor.o(.bss.RANGING_SENSOR_Cap)
    Result                                   0x20000094   Data          24  app_tof.o(.bss.Result)
    [Anonymous Symbol]                       0x20000094   Section        0  app_tof.o(.bss.Result)
    VL53L4CD_Probe.VL53L4CDObj               0x200000ac   Data          32  custom_ranging_sensor.o(.bss.VL53L4CD_Probe.VL53L4CDObj)
    [Anonymous Symbol]                       0x200000ac   Section        0  custom_ranging_sensor.o(.bss.VL53L4CD_Probe.VL53L4CDObj)
    status                                   0x200002b4   Data           4  app_tof.o(.bss.status)
    [Anonymous Symbol]                       0x200002b4   Section        0  app_tof.o(.bss.status)
    STACK                                    0x200002c0   Section    16384  startup_stm32h503xx.o(STACK)

    Global Symbols

    Symbol Name                              Value     Ov Type        Size  Object(Section)

    BuildAttributes$$THM_ISAv4$E$P$D$K$B$S$7EM$8M$VFPi5$EXTD16$VFPS$VFMA$PE$A:L22UL41UL21$X:L11$S22US41US21$IEEE1$IW$~IW$USESV6$~STKCKD$USESV7$~SHL$OTIME$ROPI$IEEEJ$EBA8$MICROLIB$REQ8$PRES8$EABIv2 0x00000000   Number         0  anon$$obj.o ABSOLUTE
    __cpp_initialize__aeabi_                  - Undefined Weak Reference
    __cxa_finalize                            - Undefined Weak Reference
    __decompress                              - Undefined Weak Reference
    _clock_init                               - Undefined Weak Reference
    _microlib_exit                            - Undefined Weak Reference
    __Vectors_Size                           0x00000258   Number         0  startup_stm32h503xx.o ABSOLUTE
    __Vectors                                0x08000000   Data           4  startup_stm32h503xx.o(RESET)
    __Vectors_End                            0x08000258   Data           0  startup_stm32h503xx.o(RESET)
    __main                                   0x08000259   Thumb Code     0  entry.o(.ARM.Collect$$$$00000000)
    _main_stk                                0x08000259   Thumb Code     0  entry2.o(.ARM.Collect$$$$00000001)
    _main_scatterload                        0x0800025d   Thumb Code     0  entry5.o(.ARM.Collect$$$$00000004)
    __main_after_scatterload                 0x08000261   Thumb Code     0  entry5.o(.ARM.Collect$$$$00000004)
    _main_clock                              0x08000261   Thumb Code     0  entry7b.o(.ARM.Collect$$$$00000008)
    _main_cpp_init                           0x08000261   Thumb Code     0  entry8b.o(.ARM.Collect$$$$0000000A)
    _main_init                               0x08000261   Thumb Code     0  entry9a.o(.ARM.Collect$$$$0000000B)
    __rt_final_cpp                           0x08000269   Thumb Code     0  entry10a.o(.ARM.Collect$$$$0000000D)
    __rt_final_exit                          0x08000269   Thumb Code     0  entry11a.o(.ARM.Collect$$$$0000000F)
    Reset_Handler                            0x0800026d   Thumb Code     8  startup_stm32h503xx.o(.text)
    SecureFault_Handler                      0x0800027f   Thumb Code     2  startup_stm32h503xx.o(.text)
    ADC1_IRQHandler                          0x08000289   Thumb Code     0  startup_stm32h503xx.o(.text)
    COMP1_IRQHandler                         0x08000289   Thumb Code     0  startup_stm32h503xx.o(.text)
    CRS_IRQHandler                           0x08000289   Thumb Code     0  startup_stm32h503xx.o(.text)
    DAC1_IRQHandler                          0x08000289   Thumb Code     0  startup_stm32h503xx.o(.text)
    DTS_IRQHandler                           0x08000289   Thumb Code     0  startup_stm32h503xx.o(.text)
    EXTI0_IRQHandler                         0x08000289   Thumb Code     0  startup_stm32h503xx.o(.text)
    EXTI10_IRQHandler                        0x08000289   Thumb Code     0  startup_stm32h503xx.o(.text)
    EXTI11_IRQHandler                        0x08000289   Thumb Code     0  startup_stm32h503xx.o(.text)
    EXTI12_IRQHandler                        0x08000289   Thumb Code     0  startup_stm32h503xx.o(.text)
    EXTI13_IRQHandler                        0x08000289   Thumb Code     0  startup_stm32h503xx.o(.text)
    EXTI14_IRQHandler                        0x08000289   Thumb Code     0  startup_stm32h503xx.o(.text)
    EXTI15_IRQHandler                        0x08000289   Thumb Code     0  startup_stm32h503xx.o(.text)
    EXTI1_IRQHandler                         0x08000289   Thumb Code     0  startup_stm32h503xx.o(.text)
    EXTI2_IRQHandler                         0x08000289   Thumb Code     0  startup_stm32h503xx.o(.text)
    EXTI3_IRQHandler                         0x08000289   Thumb Code     0  startup_stm32h503xx.o(.text)
    EXTI4_IRQHandler                         0x08000289   Thumb Code     0  startup_stm32h503xx.o(.text)
    EXTI5_IRQHandler                         0x08000289   Thumb Code     0  startup_stm32h503xx.o(.text)
    EXTI6_IRQHandler                         0x08000289   Thumb Code     0  startup_stm32h503xx.o(.text)
    EXTI7_IRQHandler                         0x08000289   Thumb Code     0  startup_stm32h503xx.o(.text)
    EXTI8_IRQHandler                         0x08000289   Thumb Code     0  startup_stm32h503xx.o(.text)
    EXTI9_IRQHandler                         0x08000289   Thumb Code     0  startup_stm32h503xx.o(.text)
    FDCAN1_IT0_IRQHandler                    0x08000289   Thumb Code     0  startup_stm32h503xx.o(.text)
    FDCAN1_IT1_IRQHandler                    0x08000289   Thumb Code     0  startup_stm32h503xx.o(.text)
    FLASH_IRQHandler                         0x08000289   Thumb Code     0  startup_stm32h503xx.o(.text)
    FPU_IRQHandler                           0x08000289   Thumb Code     0  startup_stm32h503xx.o(.text)
    GPDMA1_Channel0_IRQHandler               0x08000289   Thumb Code     0  startup_stm32h503xx.o(.text)
    GPDMA1_Channel1_IRQHandler               0x08000289   Thumb Code     0  startup_stm32h503xx.o(.text)
    GPDMA1_Channel2_IRQHandler               0x08000289   Thumb Code     0  startup_stm32h503xx.o(.text)
    GPDMA1_Channel3_IRQHandler               0x08000289   Thumb Code     0  startup_stm32h503xx.o(.text)
    GPDMA1_Channel4_IRQHandler               0x08000289   Thumb Code     0  startup_stm32h503xx.o(.text)
    GPDMA1_Channel5_IRQHandler               0x08000289   Thumb Code     0  startup_stm32h503xx.o(.text)
    GPDMA1_Channel6_IRQHandler               0x08000289   Thumb Code     0  startup_stm32h503xx.o(.text)
    GPDMA1_Channel7_IRQHandler               0x08000289   Thumb Code     0  startup_stm32h503xx.o(.text)
    GPDMA2_Channel0_IRQHandler               0x08000289   Thumb Code     0  startup_stm32h503xx.o(.text)
    GPDMA2_Channel1_IRQHandler               0x08000289   Thumb Code     0  startup_stm32h503xx.o(.text)
    GPDMA2_Channel2_IRQHandler               0x08000289   Thumb Code     0  startup_stm32h503xx.o(.text)
    GPDMA2_Channel3_IRQHandler               0x08000289   Thumb Code     0  startup_stm32h503xx.o(.text)
    GPDMA2_Channel4_IRQHandler               0x08000289   Thumb Code     0  startup_stm32h503xx.o(.text)
    GPDMA2_Channel5_IRQHandler               0x08000289   Thumb Code     0  startup_stm32h503xx.o(.text)
    GPDMA2_Channel6_IRQHandler               0x08000289   Thumb Code     0  startup_stm32h503xx.o(.text)
    GPDMA2_Channel7_IRQHandler               0x08000289   Thumb Code     0  startup_stm32h503xx.o(.text)
    GTZC_IRQHandler                          0x08000289   Thumb Code     0  startup_stm32h503xx.o(.text)
    HASH_IRQHandler                          0x08000289   Thumb Code     0  startup_stm32h503xx.o(.text)
    I2C1_ER_IRQHandler                       0x08000289   Thumb Code     0  startup_stm32h503xx.o(.text)
    I2C1_EV_IRQHandler                       0x08000289   Thumb Code     0  startup_stm32h503xx.o(.text)
    I2C2_ER_IRQHandler                       0x08000289   Thumb Code     0  startup_stm32h503xx.o(.text)
    I2C2_EV_IRQHandler                       0x08000289   Thumb Code     0  startup_stm32h503xx.o(.text)
    I3C1_ER_IRQHandler                       0x08000289   Thumb Code     0  startup_stm32h503xx.o(.text)
    I3C1_EV_IRQHandler                       0x08000289   Thumb Code     0  startup_stm32h503xx.o(.text)
    I3C2_ER_IRQHandler                       0x08000289   Thumb Code     0  startup_stm32h503xx.o(.text)
    I3C2_EV_IRQHandler                       0x08000289   Thumb Code     0  startup_stm32h503xx.o(.text)
    ICACHE_IRQHandler                        0x08000289   Thumb Code     0  startup_stm32h503xx.o(.text)
    IWDG_IRQHandler                          0x08000289   Thumb Code     0  startup_stm32h503xx.o(.text)
    LPTIM1_IRQHandler                        0x08000289   Thumb Code     0  startup_stm32h503xx.o(.text)
    LPTIM2_IRQHandler                        0x08000289   Thumb Code     0  startup_stm32h503xx.o(.text)
    LPUART1_IRQHandler                       0x08000289   Thumb Code     0  startup_stm32h503xx.o(.text)
    PVD_AVD_IRQHandler                       0x08000289   Thumb Code     0  startup_stm32h503xx.o(.text)
    RAMCFG_IRQHandler                        0x08000289   Thumb Code     0  startup_stm32h503xx.o(.text)
    RCC_IRQHandler                           0x08000289   Thumb Code     0  startup_stm32h503xx.o(.text)
    RNG_IRQHandler                           0x08000289   Thumb Code     0  startup_stm32h503xx.o(.text)
    RTC_IRQHandler                           0x08000289   Thumb Code     0  startup_stm32h503xx.o(.text)
    SPI1_IRQHandler                          0x08000289   Thumb Code     0  startup_stm32h503xx.o(.text)
    SPI2_IRQHandler                          0x08000289   Thumb Code     0  startup_stm32h503xx.o(.text)
    SPI3_IRQHandler                          0x08000289   Thumb Code     0  startup_stm32h503xx.o(.text)
    TAMP_IRQHandler                          0x08000289   Thumb Code     0  startup_stm32h503xx.o(.text)
    TIM1_BRK_IRQHandler                      0x08000289   Thumb Code     0  startup_stm32h503xx.o(.text)
    TIM1_CC_IRQHandler                       0x08000289   Thumb Code     0  startup_stm32h503xx.o(.text)
    TIM1_TRG_COM_IRQHandler                  0x08000289   Thumb Code     0  startup_stm32h503xx.o(.text)
    TIM1_UP_IRQHandler                       0x08000289   Thumb Code     0  startup_stm32h503xx.o(.text)
    TIM2_IRQHandler                          0x08000289   Thumb Code     0  startup_stm32h503xx.o(.text)
    TIM3_IRQHandler                          0x08000289   Thumb Code     0  startup_stm32h503xx.o(.text)
    TIM6_IRQHandler                          0x08000289   Thumb Code     0  startup_stm32h503xx.o(.text)
    TIM7_IRQHandler                          0x08000289   Thumb Code     0  startup_stm32h503xx.o(.text)
    USART1_IRQHandler                        0x08000289   Thumb Code     0  startup_stm32h503xx.o(.text)
    USART2_IRQHandler                        0x08000289   Thumb Code     0  startup_stm32h503xx.o(.text)
    USART3_IRQHandler                        0x08000289   Thumb Code     0  startup_stm32h503xx.o(.text)
    USB_DRD_FS_IRQHandler                    0x08000289   Thumb Code     0  startup_stm32h503xx.o(.text)
    WWDG_IRQHandler                          0x08000289   Thumb Code     0  startup_stm32h503xx.o(.text)
    __aeabi_uldivmod                         0x08000295   Thumb Code    98  uldiv.o(.text)
    __aeabi_memcpy                           0x080002f7   Thumb Code    36  memcpya.o(.text)
    __aeabi_memcpy4                          0x080002f7   Thumb Code     0  memcpya.o(.text)
    __aeabi_memcpy8                          0x080002f7   Thumb Code     0  memcpya.o(.text)
    __aeabi_memset                           0x0800031b   Thumb Code    14  memseta.o(.text)
    __aeabi_memset4                          0x0800031b   Thumb Code     0  memseta.o(.text)
    __aeabi_memset8                          0x0800031b   Thumb Code     0  memseta.o(.text)
    __aeabi_memclr                           0x08000329   Thumb Code     4  memseta.o(.text)
    __aeabi_memclr4                          0x08000329   Thumb Code     0  memseta.o(.text)
    __aeabi_memclr8                          0x08000329   Thumb Code     0  memseta.o(.text)
    _memset$wrapper                          0x0800032d   Thumb Code    18  memseta.o(.text)
    __aeabi_uidiv                            0x0800033f   Thumb Code     0  uidiv.o(.text)
    __aeabi_uidivmod                         0x0800033f   Thumb Code    44  uidiv.o(.text)
    __aeabi_llsl                             0x0800036b   Thumb Code    30  llshl.o(.text)
    _ll_shift_l                              0x0800036b   Thumb Code     0  llshl.o(.text)
    __aeabi_llsr                             0x08000389   Thumb Code    32  llushr.o(.text)
    _ll_ushift_r                             0x08000389   Thumb Code     0  llushr.o(.text)
    __I$use$fp                               0x080003a9   Thumb Code     0  iusefp.o(.text)
    __aeabi_dadd                             0x080003a9   Thumb Code   322  dadd.o(.text)
    __aeabi_dsub                             0x080004eb   Thumb Code     6  dadd.o(.text)
    __aeabi_drsub                            0x080004f1   Thumb Code     6  dadd.o(.text)
    __aeabi_dmul                             0x080004f7   Thumb Code   228  dmul.o(.text)
    __aeabi_ddiv                             0x080005db   Thumb Code   222  ddiv.o(.text)
    __aeabi_d2ulz                            0x080006b9   Thumb Code    48  dfixul.o(.text)
    __aeabi_cdrcmple                         0x080006e9   Thumb Code    48  cdrcmple.o(.text)
    __scatterload                            0x08000719   Thumb Code    28  init.o(.text)
    __scatterload_rt2                        0x08000719   Thumb Code     0  init.o(.text)
    __aeabi_lasr                             0x0800073d   Thumb Code    36  llsshr.o(.text)
    _ll_sshift_r                             0x0800073d   Thumb Code     0  llsshr.o(.text)
    _double_round                            0x08000761   Thumb Code    30  depilogue.o(.text)
    _double_epilogue                         0x0800077f   Thumb Code   156  depilogue.o(.text)
    BSP_COM_Init                             0x0800081d   Thumb Code   114  custom.o(.text.BSP_COM_Init)
    BSP_GetTick                              0x08000891   Thumb Code     8  custom_bus.o(.text.BSP_GetTick)
    BSP_I2C1_DeInit                          0x08000899   Thumb Code    82  custom_bus.o(.text.BSP_I2C1_DeInit)
    BSP_I2C1_Init                            0x080008ed   Thumb Code   148  custom_bus.o(.text.BSP_I2C1_Init)
    BSP_I2C1_Recv                            0x08000981   Thumb Code    96  custom_bus.o(.text.BSP_I2C1_Recv)
    BSP_I2C1_Send                            0x080009e1   Thumb Code    96  custom_bus.o(.text.BSP_I2C1_Send)
    BusFault_Handler                         0x08000a41   Thumb Code     4  stm32h5xx_it.o(.text.BusFault_Handler)
    CUSTOM_RANGING_SENSOR_ConfigProfile      0x08000a45   Thumb Code    84  custom_ranging_sensor.o(.text.CUSTOM_RANGING_SENSOR_ConfigProfile)
    CUSTOM_RANGING_SENSOR_GetCapabilities    0x08000a99   Thumb Code    84  custom_ranging_sensor.o(.text.CUSTOM_RANGING_SENSOR_GetCapabilities)
    CUSTOM_RANGING_SENSOR_GetDistance        0x08000aed   Thumb Code    84  custom_ranging_sensor.o(.text.CUSTOM_RANGING_SENSOR_GetDistance)
    CUSTOM_RANGING_SENSOR_Init               0x08000b41   Thumb Code    72  custom_ranging_sensor.o(.text.CUSTOM_RANGING_SENSOR_Init)
    CUSTOM_RANGING_SENSOR_ReadID             0x08000b89   Thumb Code    84  custom_ranging_sensor.o(.text.CUSTOM_RANGING_SENSOR_ReadID)
    CUSTOM_RANGING_SENSOR_Start              0x08000bdd   Thumb Code    88  custom_ranging_sensor.o(.text.CUSTOM_RANGING_SENSOR_Start)
    DebugMon_Handler                         0x08000c35   Thumb Code     2  stm32h5xx_it.o(.text.DebugMon_Handler)
    Error_Handler                            0x08000c39   Thumb Code     6  main.o(.text.Error_Handler)
    HAL_Delay                                0x08000c41   Thumb Code    66  stm32h5xx_hal.o(.text.HAL_Delay)
    HAL_GPIO_DeInit                          0x08000c85   Thumb Code   334  stm32h5xx_hal_gpio.o(.text.HAL_GPIO_DeInit)
    HAL_GPIO_Init                            0x08000dd5   Thumb Code   746  stm32h5xx_hal_gpio.o(.text.HAL_GPIO_Init)
    HAL_GPIO_WritePin                        0x080010c1   Thumb Code    44  stm32h5xx_hal_gpio.o(.text.HAL_GPIO_WritePin)
    HAL_GetTick                              0x080010ed   Thumb Code    12  stm32h5xx_hal.o(.text.HAL_GetTick)
    HAL_I2CEx_ConfigAnalogFilter             0x080010f9   Thumb Code   152  stm32h5xx_hal_i2c_ex.o(.text.HAL_I2CEx_ConfigAnalogFilter)
    HAL_I2CEx_ConfigDigitalFilter            0x08001191   Thumb Code   162  stm32h5xx_hal_i2c_ex.o(.text.HAL_I2CEx_ConfigDigitalFilter)
    HAL_I2C_DeInit                           0x08001235   Thumb Code    96  stm32h5xx_hal_i2c.o(.text.HAL_I2C_DeInit)
    HAL_I2C_GetError                         0x08001295   Thumb Code    12  stm32h5xx_hal_i2c.o(.text.HAL_I2C_GetError)
    HAL_I2C_GetState                         0x080012a1   Thumb Code    14  stm32h5xx_hal_i2c.o(.text.HAL_I2C_GetState)
    HAL_I2C_Init                             0x080012b1   Thumb Code   276  stm32h5xx_hal_i2c.o(.text.HAL_I2C_Init)
    HAL_I2C_Master_Receive                   0x080013c5   Thumb Code   540  stm32h5xx_hal_i2c.o(.text.HAL_I2C_Master_Receive)
    HAL_I2C_Master_Transmit                  0x080015e1   Thumb Code   538  stm32h5xx_hal_i2c.o(.text.HAL_I2C_Master_Transmit)
    HAL_I2C_MspDeInit                        0x080017fd   Thumb Code     8  stm32h5xx_hal_i2c.o(.text.HAL_I2C_MspDeInit)
    HAL_I2C_MspInit                          0x08001805   Thumb Code     8  stm32h5xx_hal_i2c.o(.text.HAL_I2C_MspInit)
    HAL_ICACHE_ConfigAssociativityMode       0x0800180d   Thumb Code    64  stm32h5xx_hal_icache.o(.text.HAL_ICACHE_ConfigAssociativityMode)
    HAL_ICACHE_Enable                        0x0800184d   Thumb Code    20  stm32h5xx_hal_icache.o(.text.HAL_ICACHE_Enable)
    HAL_IncTick                              0x08001861   Thumb Code    26  stm32h5xx_hal.o(.text.HAL_IncTick)
    HAL_Init                                 0x0800187d   Thumb Code    94  stm32h5xx_hal.o(.text.HAL_Init)
    HAL_InitTick                             0x080018dd   Thumb Code   276  stm32h5xx_hal.o(.text.HAL_InitTick)
    HAL_MspInit                              0x080019f1   Thumb Code     2  stm32h5xx_hal_msp.o(.text.HAL_MspInit)
    HAL_NVIC_SetPriority                     0x080019f5   Thumb Code    46  stm32h5xx_hal_cortex.o(.text.HAL_NVIC_SetPriority)
    HAL_NVIC_SetPriorityGrouping             0x08001a25   Thumb Code    16  stm32h5xx_hal_cortex.o(.text.HAL_NVIC_SetPriorityGrouping)
    HAL_RCCEx_GetPLL1ClockFreq               0x08001a35   Thumb Code   760  stm32h5xx_hal_rcc_ex.o(.text.HAL_RCCEx_GetPLL1ClockFreq)
    HAL_RCCEx_GetPLL2ClockFreq               0x08001d2d   Thumb Code   760  stm32h5xx_hal_rcc_ex.o(.text.HAL_RCCEx_GetPLL2ClockFreq)
    HAL_RCCEx_GetPeriphCLKFreq               0x08002025   Thumb Code  4080  stm32h5xx_hal_rcc_ex.o(.text.HAL_RCCEx_GetPeriphCLKFreq)
    HAL_RCCEx_PeriphCLKConfig                0x08003015   Thumb Code  2714  stm32h5xx_hal_rcc_ex.o(.text.HAL_RCCEx_PeriphCLKConfig)
    HAL_RCC_ClockConfig                      0x08003ab1   Thumb Code  1172  stm32h5xx_hal_rcc.o(.text.HAL_RCC_ClockConfig)
    HAL_RCC_GetHCLKFreq                      0x08003f45   Thumb Code    52  stm32h5xx_hal_rcc.o(.text.HAL_RCC_GetHCLKFreq)
    HAL_RCC_GetPCLK1Freq                     0x08003f79   Thumb Code    38  stm32h5xx_hal_rcc.o(.text.HAL_RCC_GetPCLK1Freq)
    HAL_RCC_GetPCLK2Freq                     0x08003fa1   Thumb Code    38  stm32h5xx_hal_rcc.o(.text.HAL_RCC_GetPCLK2Freq)
    HAL_RCC_GetPCLK3Freq                     0x08003fc9   Thumb Code    38  stm32h5xx_hal_rcc.o(.text.HAL_RCC_GetPCLK3Freq)
    HAL_RCC_GetSysClockFreq                  0x08003ff1   Thumb Code   716  stm32h5xx_hal_rcc.o(.text.HAL_RCC_GetSysClockFreq)
    HAL_RCC_OscConfig                        0x080042bd   Thumb Code  2556  stm32h5xx_hal_rcc.o(.text.HAL_RCC_OscConfig)
    HAL_SYSTICK_CLKSourceConfig              0x08004cb9   Thumb Code   154  stm32h5xx_hal_cortex.o(.text.HAL_SYSTICK_CLKSourceConfig)
    HAL_SYSTICK_Config                       0x08004d55   Thumb Code    74  stm32h5xx_hal_cortex.o(.text.HAL_SYSTICK_Config)
    HAL_SYSTICK_GetCLKSourceConfig           0x08004da1   Thumb Code    98  stm32h5xx_hal_cortex.o(.text.HAL_SYSTICK_GetCLKSourceConfig)
    HAL_UARTEx_DisableFifoMode               0x08004e05   Thumb Code   124  stm32h5xx_hal_uart_ex.o(.text.HAL_UARTEx_DisableFifoMode)
    HAL_UARTEx_SetRxFifoThreshold            0x08004e81   Thumb Code   140  stm32h5xx_hal_uart_ex.o(.text.HAL_UARTEx_SetRxFifoThreshold)
    HAL_UARTEx_SetTxFifoThreshold            0x08004f0d   Thumb Code   140  stm32h5xx_hal_uart_ex.o(.text.HAL_UARTEx_SetTxFifoThreshold)
    HAL_UART_Init                            0x08004f99   Thumb Code   170  stm32h5xx_hal_uart.o(.text.HAL_UART_Init)
    HAL_UART_MspInit                         0x08005045   Thumb Code     8  stm32h5xx_hal_uart.o(.text.HAL_UART_MspInit)
    HAL_UART_Transmit                        0x0800504d   Thumb Code   340  stm32h5xx_hal_uart.o(.text.HAL_UART_Transmit)
    HardFault_Handler                        0x080051a1   Thumb Code     4  stm32h5xx_it.o(.text.HardFault_Handler)
    MX_GPIO_Init                             0x08005899   Thumb Code   122  gpio.o(.text.MX_GPIO_Init)
    MX_I2C1_Init                             0x08005915   Thumb Code   132  custom_bus.o(.text.MX_I2C1_Init)
    MX_ICACHE_Init                           0x08005999   Thumb Code    34  icache.o(.text.MX_ICACHE_Init)
    MX_TOF_Init                              0x080059bd   Thumb Code     8  app_tof.o(.text.MX_TOF_Init)
    MX_TOF_Process                           0x080059c5   Thumb Code     8  app_tof.o(.text.MX_TOF_Process)
    MX_USART1_UART_Init                      0x080059cd   Thumb Code   156  custom.o(.text.MX_USART1_UART_Init)
    MemManage_Handler                        0x08005b31   Thumb Code     4  stm32h5xx_it.o(.text.MemManage_Handler)
    NMI_Handler                              0x08005b35   Thumb Code     4  stm32h5xx_it.o(.text.NMI_Handler)
    PendSV_Handler                           0x08005ba5   Thumb Code     2  stm32h5xx_it.o(.text.PendSV_Handler)
    SVC_Handler                              0x08005d15   Thumb Code     2  stm32h5xx_it.o(.text.SVC_Handler)
    SysTick_Handler                          0x08005d19   Thumb Code     8  stm32h5xx_it.o(.text.SysTick_Handler)
    SystemClock_Config                       0x08005d21   Thumb Code   198  main.o(.text.SystemClock_Config)
    SystemInit                               0x08005de9   Thumb Code   278  system_stm32h5xx.o(.text.SystemInit)
    UART_AdvFeatureConfig                    0x08005f8d   Thumb Code   328  stm32h5xx_hal_uart.o(.text.UART_AdvFeatureConfig)
    UART_CheckIdleState                      0x080060d5   Thumb Code   326  stm32h5xx_hal_uart.o(.text.UART_CheckIdleState)
    UART_SetConfig                           0x080062bd   Thumb Code   752  stm32h5xx_hal_uart.o(.text.UART_SetConfig)
    UART_WaitOnFlagUntilTimeout              0x080065ad   Thumb Code   268  stm32h5xx_hal_uart.o(.text.UART_WaitOnFlagUntilTimeout)
    UsageFault_Handler                       0x08006765   Thumb Code     4  stm32h5xx_it.o(.text.UsageFault_Handler)
    VL53L4CD_CheckForDataReady               0x08006769   Thumb Code   152  vl53l4cd_api.o(.text.VL53L4CD_CheckForDataReady)
    VL53L4CD_ClearInterrupt                  0x08006801   Thumb Code    42  vl53l4cd_api.o(.text.VL53L4CD_ClearInterrupt)
    VL53L4CD_ConfigIT                        0x0800682d   Thumb Code   132  vl53l4cd.o(.text.VL53L4CD_ConfigIT)
    VL53L4CD_ConfigProfile                   0x080068b1   Thumb Code   134  vl53l4cd.o(.text.VL53L4CD_ConfigProfile)
    VL53L4CD_ConfigROI                       0x08006939   Thumb Code    14  vl53l4cd.o(.text.VL53L4CD_ConfigROI)
    VL53L4CD_DeInit                          0x08006949   Thumb Code    76  vl53l4cd.o(.text.VL53L4CD_DeInit)
    VL53L4CD_GetAddress                      0x08006995   Thumb Code    46  vl53l4cd.o(.text.VL53L4CD_GetAddress)
    VL53L4CD_GetCapabilities                 0x080069c5   Thumb Code    56  vl53l4cd.o(.text.VL53L4CD_GetCapabilities)
    VL53L4CD_GetDistance                     0x080069fd   Thumb Code   156  vl53l4cd.o(.text.VL53L4CD_GetDistance)
    VL53L4CD_GetPowerMode                    0x08006a99   Thumb Code    14  vl53l4cd.o(.text.VL53L4CD_GetPowerMode)
    VL53L4CD_GetResult                       0x08006aa9   Thumb Code   292  vl53l4cd_api.o(.text.VL53L4CD_GetResult)
    VL53L4CD_Init                            0x08006bcd   Thumb Code    96  vl53l4cd.o(.text.VL53L4CD_Init)
    VL53L4CD_RdByte                          0x08006d45   Thumb Code    98  platform.o(.text.VL53L4CD_RdByte)
    VL53L4CD_RdDWord                         0x08006da9   Thumb Code   120  platform.o(.text.VL53L4CD_RdDWord)
    VL53L4CD_RdWord                          0x08006e21   Thumb Code   124  platform.o(.text.VL53L4CD_RdWord)
    VL53L4CD_ReadID                          0x08006e9d   Thumb Code    74  vl53l4cd.o(.text.VL53L4CD_ReadID)
    VL53L4CD_RegisterBusIO                   0x08006ee9   Thumb Code   110  vl53l4cd.o(.text.VL53L4CD_RegisterBusIO)
    VL53L4CD_SensorInit                      0x08006f59   Thumb Code   466  vl53l4cd_api.o(.text.VL53L4CD_SensorInit)
    VL53L4CD_SetAddress                      0x0800712d   Thumb Code    72  vl53l4cd.o(.text.VL53L4CD_SetAddress)
    VL53L4CD_SetDetectionThresholds          0x08007175   Thumb Code   104  vl53l4cd_api.o(.text.VL53L4CD_SetDetectionThresholds)
    VL53L4CD_SetI2CAddress                   0x080071dd   Thumb Code    50  vl53l4cd_api.o(.text.VL53L4CD_SetI2CAddress)
    VL53L4CD_SetPowerMode                    0x08007211   Thumb Code    14  vl53l4cd.o(.text.VL53L4CD_SetPowerMode)
    VL53L4CD_SetRangeTiming                  0x08007221   Thumb Code   562  vl53l4cd_api.o(.text.VL53L4CD_SetRangeTiming)
    VL53L4CD_Start                           0x08007455   Thumb Code   148  vl53l4cd.o(.text.VL53L4CD_Start)
    VL53L4CD_StartRanging                    0x080074e9   Thumb Code    96  vl53l4cd_api.o(.text.VL53L4CD_StartRanging)
    VL53L4CD_Stop                            0x08007549   Thumb Code    74  vl53l4cd.o(.text.VL53L4CD_Stop)
    VL53L4CD_StopRanging                     0x08007595   Thumb Code    42  vl53l4cd_api.o(.text.VL53L4CD_StopRanging)
    VL53L4CD_WaitMs                          0x080075c1   Thumb Code    44  platform.o(.text.VL53L4CD_WaitMs)
    VL53L4CD_WrByte                          0x080075ed   Thumb Code    78  platform.o(.text.VL53L4CD_WrByte)
    VL53L4CD_WrDWord                         0x0800763d   Thumb Code    92  platform.o(.text.VL53L4CD_WrDWord)
    VL53L4CD_WrWord                          0x08007699   Thumb Code    84  platform.o(.text.VL53L4CD_WrWord)
    fputc                                    0x080077f1   Thumb Code    50  custom.o(.text.fputc)
    main                                     0x08007825   Thumb Code    36  main.o(.text.main)
    __0printf                                0x08007ac1   Thumb Code    22  printfa.o(i.__0printf)
    __1printf                                0x08007ac1   Thumb Code     0  printfa.o(i.__0printf)
    __2printf                                0x08007ac1   Thumb Code     0  printfa.o(i.__0printf)
    __c89printf                              0x08007ac1   Thumb Code     0  printfa.o(i.__0printf)
    printf                                   0x08007ac1   Thumb Code     0  printfa.o(i.__0printf)
    __scatterload_copy                       0x08007ae1   Thumb Code    14  handlers.o(i.__scatterload_copy)
    __scatterload_null                       0x08007aef   Thumb Code     2  handlers.o(i.__scatterload_null)
    __scatterload_zeroinit                   0x08007af1   Thumb Code    14  handlers.o(i.__scatterload_zeroinit)
    AHBPrescTable                            0x080083ca   Data          16  system_stm32h5xx.o(.rodata.AHBPrescTable)
    APBPrescTable                            0x080083da   Data           8  system_stm32h5xx.o(.rodata.APBPrescTable)
    UARTPrescTable                           0x080083f2   Data          24  stm32h5xx_hal_uart.o(.rodata.UARTPrescTable)
    Region$$Table$$Base                      0x0800852c   Number         0  anon$$obj.o(Region$$Table)
    Region$$Table$$Limit                     0x0800854c   Number         0  anon$$obj.o(Region$$Table)
    __stdout                                 0x20000000   Data           4  stdout.o(.data)
    COM_USART                                0x20000004   Data           4  custom.o(.data.COM_USART)
    SystemCoreClock                          0x20000008   Data           4  system_stm32h5xx.o(.data.SystemCoreClock)
    VL53L4CD_RANGING_SENSOR_Driver           0x2000000c   Data          56  vl53l4cd.o(.data.VL53L4CD_RANGING_SENSOR_Driver)
    uwTickFreq                               0x20000044   Data           1  stm32h5xx_hal.o(.data.uwTickFreq)
    uwTickPrio                               0x20000048   Data           4  stm32h5xx_hal.o(.data.uwTickPrio)
    CUSTOM_RANGING_CompObj                   0x20000054   Data           4  custom_ranging_sensor.o(.bss.CUSTOM_RANGING_CompObj)
    _I2CBuffer                               0x200000cc   Data         256  platform.o(.bss._I2CBuffer)
    hcom_uart                                0x200001cc   Data         148  custom.o(.bss.hcom_uart)
    hi2c1                                    0x20000260   Data          84  custom_bus.o(.bss.hi2c1)
    uwTick                                   0x200002b8   Data           4  stm32h5xx_hal.o(.bss.uwTick)
    __initial_sp                             0x200042c0   Data           0  startup_stm32h503xx.o(STACK)



==============================================================================

Memory Map of the image

  Image Entry point : 0x08000259

  Load Region LR_IROM1 (Base: 0x08000000, Size: 0x000085a0, Max: 0x00020000, ABSOLUTE)

    Execution Region ER_IROM1 (Exec base: 0x08000000, Load base: 0x08000000, Size: 0x0000854c, Max: 0x00020000, ABSOLUTE)

    Exec Addr    Load Addr    Size         Type   Attr      Idx    E Section Name        Object

    0x08000000   0x08000000   0x00000258   Data   RO            3    RESET               startup_stm32h503xx.o
    0x08000258   0x08000258   0x00000000   Code   RO         1488  * .ARM.Collect$$$$00000000  mc_w.l(entry.o)
    0x08000258   0x08000258   0x00000004   Code   RO         1531    .ARM.Collect$$$$00000001  mc_w.l(entry2.o)
    0x0800025c   0x0800025c   0x00000004   Code   RO         1534    .ARM.Collect$$$$00000004  mc_w.l(entry5.o)
    0x08000260   0x08000260   0x00000000   Code   RO         1536    .ARM.Collect$$$$00000008  mc_w.l(entry7b.o)
    0x08000260   0x08000260   0x00000000   Code   RO         1538    .ARM.Collect$$$$0000000A  mc_w.l(entry8b.o)
    0x08000260   0x08000260   0x00000008   Code   RO         1539    .ARM.Collect$$$$0000000B  mc_w.l(entry9a.o)
    0x08000268   0x08000268   0x00000000   Code   RO         1541    .ARM.Collect$$$$0000000D  mc_w.l(entry10a.o)
    0x08000268   0x08000268   0x00000000   Code   RO         1543    .ARM.Collect$$$$0000000F  mc_w.l(entry11a.o)
    0x08000268   0x08000268   0x00000004   Code   RO         1532    .ARM.Collect$$$$00002712  mc_w.l(entry2.o)
    0x0800026c   0x0800026c   0x00000028   Code   RO            4    .text               startup_stm32h503xx.o
    0x08000294   0x08000294   0x00000062   Code   RO         1491    .text               mc_w.l(uldiv.o)
    0x080002f6   0x080002f6   0x00000024   Code   RO         1493    .text               mc_w.l(memcpya.o)
    0x0800031a   0x0800031a   0x00000024   Code   RO         1495    .text               mc_w.l(memseta.o)
    0x0800033e   0x0800033e   0x0000002c   Code   RO         1555    .text               mc_w.l(uidiv.o)
    0x0800036a   0x0800036a   0x0000001e   Code   RO         1557    .text               mc_w.l(llshl.o)
    0x08000388   0x08000388   0x00000020   Code   RO         1559    .text               mc_w.l(llushr.o)
    0x080003a8   0x080003a8   0x00000000   Code   RO         1561    .text               mc_w.l(iusefp.o)
    0x080003a8   0x080003a8   0x0000014e   Code   RO         1562    .text               mf_w.l(dadd.o)
    0x080004f6   0x080004f6   0x000000e4   Code   RO         1564    .text               mf_w.l(dmul.o)
    0x080005da   0x080005da   0x000000de   Code   RO         1566    .text               mf_w.l(ddiv.o)
    0x080006b8   0x080006b8   0x00000030   Code   RO         1570    .text               mf_w.l(dfixul.o)
    0x080006e8   0x080006e8   0x00000030   Code   RO         1574    .text               mf_w.l(cdrcmple.o)
    0x08000718   0x08000718   0x00000024   Code   RO         1576    .text               mc_w.l(init.o)
    0x0800073c   0x0800073c   0x00000024   Code   RO         1578    .text               mc_w.l(llsshr.o)
    0x08000760   0x08000760   0x000000ba   Code   RO         1580    .text               mf_w.l(depilogue.o)
    0x0800081a   0x0800081a   0x00000002   PAD
    0x0800081c   0x0800081c   0x00000072   Code   RO          316    .text.BSP_COM_Init  custom.o
    0x0800088e   0x0800088e   0x00000002   PAD
    0x08000890   0x08000890   0x00000008   Code   RO           66    .text.BSP_GetTick   custom_bus.o
    0x08000898   0x08000898   0x00000052   Code   RO           48    .text.BSP_I2C1_DeInit  custom_bus.o
    0x080008ea   0x080008ea   0x00000002   PAD
    0x080008ec   0x080008ec   0x00000094   Code   RO           42    .text.BSP_I2C1_Init  custom_bus.o
    0x08000980   0x08000980   0x00000060   Code   RO           64    .text.BSP_I2C1_Recv  custom_bus.o
    0x080009e0   0x080009e0   0x00000060   Code   RO           62    .text.BSP_I2C1_Send  custom_bus.o
    0x08000a40   0x08000a40   0x00000004   Code   RO           83    .text.BusFault_Handler  stm32h5xx_it.o
    0x08000a44   0x08000a44   0x00000054   Code   RO          122    .text.CUSTOM_RANGING_SENSOR_ConfigProfile  custom_ranging_sensor.o
    0x08000a98   0x08000a98   0x00000054   Code   RO          120    .text.CUSTOM_RANGING_SENSOR_GetCapabilities  custom_ranging_sensor.o
    0x08000aec   0x08000aec   0x00000054   Code   RO          128    .text.CUSTOM_RANGING_SENSOR_GetDistance  custom_ranging_sensor.o
    0x08000b40   0x08000b40   0x00000048   Code   RO          110    .text.CUSTOM_RANGING_SENSOR_Init  custom_ranging_sensor.o
    0x08000b88   0x08000b88   0x00000054   Code   RO          118    .text.CUSTOM_RANGING_SENSOR_ReadID  custom_ranging_sensor.o
    0x08000bdc   0x08000bdc   0x00000058   Code   RO          130    .text.CUSTOM_RANGING_SENSOR_Start  custom_ranging_sensor.o
    0x08000c34   0x08000c34   0x00000002   Code   RO           89    .text.DebugMon_Handler  stm32h5xx_it.o
    0x08000c36   0x08000c36   0x00000002   PAD
    0x08000c38   0x08000c38   0x00000006   Code   RO           15    .text.Error_Handler  main.o
    0x08000c3e   0x08000c3e   0x00000002   PAD
    0x08000c40   0x08000c40   0x00000042   Code   RO         1122    .text.HAL_Delay     stm32h5xx_hal.o
    0x08000c82   0x08000c82   0x00000002   PAD
    0x08000c84   0x08000c84   0x0000014e   Code   RO          880    .text.HAL_GPIO_DeInit  stm32h5xx_hal_gpio.o
    0x08000dd2   0x08000dd2   0x00000002   PAD
    0x08000dd4   0x08000dd4   0x000002ea   Code   RO          878    .text.HAL_GPIO_Init  stm32h5xx_hal_gpio.o
    0x080010be   0x080010be   0x00000002   PAD
    0x080010c0   0x080010c0   0x0000002c   Code   RO          884    .text.HAL_GPIO_WritePin  stm32h5xx_hal_gpio.o
    0x080010ec   0x080010ec   0x0000000c   Code   RO         1114    .text.HAL_GetTick   stm32h5xx_hal.o
    0x080010f8   0x080010f8   0x00000098   Code   RO          509    .text.HAL_I2CEx_ConfigAnalogFilter  stm32h5xx_hal_i2c_ex.o
    0x08001190   0x08001190   0x000000a2   Code   RO          511    .text.HAL_I2CEx_ConfigDigitalFilter  stm32h5xx_hal_i2c_ex.o
    0x08001232   0x08001232   0x00000002   PAD
    0x08001234   0x08001234   0x00000060   Code   RO          344    .text.HAL_I2C_DeInit  stm32h5xx_hal_i2c.o
    0x08001294   0x08001294   0x0000000c   Code   RO          484    .text.HAL_I2C_GetError  stm32h5xx_hal_i2c.o
    0x080012a0   0x080012a0   0x0000000e   Code   RO          480    .text.HAL_I2C_GetState  stm32h5xx_hal_i2c.o
    0x080012ae   0x080012ae   0x00000002   PAD
    0x080012b0   0x080012b0   0x00000114   Code   RO          340    .text.HAL_I2C_Init  stm32h5xx_hal_i2c.o
    0x080013c4   0x080013c4   0x0000021c   Code   RO          358    .text.HAL_I2C_Master_Receive  stm32h5xx_hal_i2c.o
    0x080015e0   0x080015e0   0x0000021a   Code   RO          348    .text.HAL_I2C_Master_Transmit  stm32h5xx_hal_i2c.o
    0x080017fa   0x080017fa   0x00000002   PAD
    0x080017fc   0x080017fc   0x00000008   Code   RO          346    .text.HAL_I2C_MspDeInit  stm32h5xx_hal_i2c.o
    0x08001804   0x08001804   0x00000008   Code   RO          342    .text.HAL_I2C_MspInit  stm32h5xx_hal_i2c.o
    0x0800180c   0x0800180c   0x00000040   Code   RO         1432    .text.HAL_ICACHE_ConfigAssociativityMode  stm32h5xx_hal_icache.o
    0x0800184c   0x0800184c   0x00000014   Code   RO         1436    .text.HAL_ICACHE_Enable  stm32h5xx_hal_icache.o
    0x08001860   0x08001860   0x0000001a   Code   RO         1112    .text.HAL_IncTick   stm32h5xx_hal.o
    0x0800187a   0x0800187a   0x00000002   PAD
    0x0800187c   0x0800187c   0x0000005e   Code   RO         1102    .text.HAL_Init      stm32h5xx_hal.o
    0x080018da   0x080018da   0x00000002   PAD
    0x080018dc   0x080018dc   0x00000114   Code   RO         1104    .text.HAL_InitTick  stm32h5xx_hal.o
    0x080019f0   0x080019f0   0x00000002   Code   RO          102    .text.HAL_MspInit   stm32h5xx_hal_msp.o
    0x080019f2   0x080019f2   0x00000002   PAD
    0x080019f4   0x080019f4   0x0000002e   Code   RO         1025    .text.HAL_NVIC_SetPriority  stm32h5xx_hal_cortex.o
    0x08001a22   0x08001a22   0x00000002   PAD
    0x08001a24   0x08001a24   0x00000010   Code   RO         1021    .text.HAL_NVIC_SetPriorityGrouping  stm32h5xx_hal_cortex.o
    0x08001a34   0x08001a34   0x000002f8   Code   RO          718    .text.HAL_RCCEx_GetPLL1ClockFreq  stm32h5xx_hal_rcc_ex.o
    0x08001d2c   0x08001d2c   0x000002f8   Code   RO          720    .text.HAL_RCCEx_GetPLL2ClockFreq  stm32h5xx_hal_rcc_ex.o
    0x08002024   0x08002024   0x00000ff0   Code   RO          722    .text.HAL_RCCEx_GetPeriphCLKFreq  stm32h5xx_hal_rcc_ex.o
    0x08003014   0x08003014   0x00000a9a   Code   RO          712    .text.HAL_RCCEx_PeriphCLKConfig  stm32h5xx_hal_rcc_ex.o
    0x08003aae   0x08003aae   0x00000002   PAD
    0x08003ab0   0x08003ab0   0x00000494   Code   RO          677    .text.HAL_RCC_ClockConfig  stm32h5xx_hal_rcc.o
    0x08003f44   0x08003f44   0x00000034   Code   RO          675    .text.HAL_RCC_GetHCLKFreq  stm32h5xx_hal_rcc.o
    0x08003f78   0x08003f78   0x00000026   Code   RO          683    .text.HAL_RCC_GetPCLK1Freq  stm32h5xx_hal_rcc.o
    0x08003f9e   0x08003f9e   0x00000002   PAD
    0x08003fa0   0x08003fa0   0x00000026   Code   RO          685    .text.HAL_RCC_GetPCLK2Freq  stm32h5xx_hal_rcc.o
    0x08003fc6   0x08003fc6   0x00000002   PAD
    0x08003fc8   0x08003fc8   0x00000026   Code   RO          687    .text.HAL_RCC_GetPCLK3Freq  stm32h5xx_hal_rcc.o
    0x08003fee   0x08003fee   0x00000002   PAD
    0x08003ff0   0x08003ff0   0x000002cc   Code   RO          679    .text.HAL_RCC_GetSysClockFreq  stm32h5xx_hal_rcc.o
    0x080042bc   0x080042bc   0x000009fc   Code   RO          673    .text.HAL_RCC_OscConfig  stm32h5xx_hal_rcc.o
    0x08004cb8   0x08004cb8   0x0000009a   Code   RO         1071    .text.HAL_SYSTICK_CLKSourceConfig  stm32h5xx_hal_cortex.o
    0x08004d52   0x08004d52   0x00000002   PAD
    0x08004d54   0x08004d54   0x0000004a   Code   RO         1069    .text.HAL_SYSTICK_Config  stm32h5xx_hal_cortex.o
    0x08004d9e   0x08004d9e   0x00000002   PAD
    0x08004da0   0x08004da0   0x00000062   Code   RO         1073    .text.HAL_SYSTICK_GetCLKSourceConfig  stm32h5xx_hal_cortex.o
    0x08004e02   0x08004e02   0x00000002   PAD
    0x08004e04   0x08004e04   0x0000007c   Code   RO         1409    .text.HAL_UARTEx_DisableFifoMode  stm32h5xx_hal_uart_ex.o
    0x08004e80   0x08004e80   0x0000008c   Code   RO         1413    .text.HAL_UARTEx_SetRxFifoThreshold  stm32h5xx_hal_uart_ex.o
    0x08004f0c   0x08004f0c   0x0000008c   Code   RO         1411    .text.HAL_UARTEx_SetTxFifoThreshold  stm32h5xx_hal_uart_ex.o
    0x08004f98   0x08004f98   0x000000aa   Code   RO         1239    .text.HAL_UART_Init  stm32h5xx_hal_uart.o
    0x08005042   0x08005042   0x00000002   PAD
    0x08005044   0x08005044   0x00000008   Code   RO         1241    .text.HAL_UART_MspInit  stm32h5xx_hal_uart.o
    0x0800504c   0x0800504c   0x00000154   Code   RO         1259    .text.HAL_UART_Transmit  stm32h5xx_hal_uart.o
    0x080051a0   0x080051a0   0x00000004   Code   RO           79    .text.HardFault_Handler  stm32h5xx_it.o
    0x080051a4   0x080051a4   0x00000032   Code   RO           50    .text.I2C1_MspDeInit  custom_bus.o
    0x080051d6   0x080051d6   0x00000002   PAD
    0x080051d8   0x080051d8   0x000000ae   Code   RO           44    .text.I2C1_MspInit  custom_bus.o
    0x08005286   0x08005286   0x00000002   PAD
    0x08005288   0x08005288   0x00000040   Code   RO          364    .text.I2C_Flush_TXDR  stm32h5xx_hal_i2c.o
    0x080052c8   0x080052c8   0x000001fe   Code   RO          500    .text.I2C_IsErrorOccurred  stm32h5xx_hal_i2c.o
    0x080054c6   0x080054c6   0x00000002   PAD
    0x080054c8   0x080054c8   0x00000054   Code   RO          352    .text.I2C_TransferConfig  stm32h5xx_hal_i2c.o
    0x0800551c   0x0800551c   0x000000c4   Code   RO          350    .text.I2C_WaitOnFlagUntilTimeout  stm32h5xx_hal_i2c.o
    0x080055e0   0x080055e0   0x00000168   Code   RO          360    .text.I2C_WaitOnRXNEFlagUntilTimeout  stm32h5xx_hal_i2c.o
    0x08005748   0x08005748   0x000000a2   Code   RO          356    .text.I2C_WaitOnSTOPFlagUntilTimeout  stm32h5xx_hal_i2c.o
    0x080057ea   0x080057ea   0x00000002   PAD
    0x080057ec   0x080057ec   0x000000ac   Code   RO          354    .text.I2C_WaitOnTXISFlagUntilTimeout  stm32h5xx_hal_i2c.o
    0x08005898   0x08005898   0x0000007a   Code   RO           25    .text.MX_GPIO_Init  gpio.o
    0x08005912   0x08005912   0x00000002   PAD
    0x08005914   0x08005914   0x00000084   Code   RO           46    .text.MX_I2C1_Init  custom_bus.o
    0x08005998   0x08005998   0x00000022   Code   RO           34    .text.MX_ICACHE_Init  icache.o
    0x080059ba   0x080059ba   0x00000002   PAD
    0x080059bc   0x080059bc   0x00000008   Code   RO          153    .text.MX_TOF_Init   app_tof.o
    0x080059c4   0x080059c4   0x00000008   Code   RO          157    .text.MX_TOF_Process  app_tof.o
    0x080059cc   0x080059cc   0x0000009c   Code   RO          320    .text.MX_USART1_UART_Init  custom.o
    0x08005a68   0x08005a68   0x00000044   Code   RO          155    .text.MX_VL53L4CD_SimpleRanging_Init  app_tof.o
    0x08005aac   0x08005aac   0x00000084   Code   RO          159    .text.MX_VL53L4CD_SimpleRanging_Process  app_tof.o
    0x08005b30   0x08005b30   0x00000004   Code   RO           81    .text.MemManage_Handler  stm32h5xx_it.o
    0x08005b34   0x08005b34   0x00000004   Code   RO           77    .text.NMI_Handler   stm32h5xx_it.o
    0x08005b38   0x08005b38   0x0000006c   Code   RO         1031    .text.NVIC_EncodePriority  stm32h5xx_hal_cortex.o
    0x08005ba4   0x08005ba4   0x00000002   Code   RO           91    .text.PendSV_Handler  stm32h5xx_it.o
    0x08005ba6   0x08005ba6   0x00000002   PAD
    0x08005ba8   0x08005ba8   0x0000016c   Code   RO          714    .text.RCCEx_PLL2_Config  stm32h5xx_hal_rcc_ex.o
    0x08005d14   0x08005d14   0x00000002   Code   RO           87    .text.SVC_Handler   stm32h5xx_it.o
    0x08005d16   0x08005d16   0x00000002   PAD
    0x08005d18   0x08005d18   0x00000008   Code   RO           93    .text.SysTick_Handler  stm32h5xx_it.o
    0x08005d20   0x08005d20   0x000000c6   Code   RO           13    .text.SystemClock_Config  main.o
    0x08005de6   0x08005de6   0x00000002   PAD
    0x08005de8   0x08005de8   0x00000116   Code   RO         1471    .text.SystemInit    system_stm32h5xx.o
    0x08005efe   0x08005efe   0x00000002   PAD
    0x08005f00   0x08005f00   0x0000008a   Code   RO         1407    .text.UARTEx_SetNbDataToProcess  stm32h5xx_hal_uart_ex.o
    0x08005f8a   0x08005f8a   0x00000002   PAD
    0x08005f8c   0x08005f8c   0x00000148   Code   RO         1243    .text.UART_AdvFeatureConfig  stm32h5xx_hal_uart.o
    0x080060d4   0x080060d4   0x00000146   Code   RO         1247    .text.UART_CheckIdleState  stm32h5xx_hal_uart.o
    0x0800621a   0x0800621a   0x00000002   PAD
    0x0800621c   0x0800621c   0x0000009e   Code   RO         1299    .text.UART_EndRxTransfer  stm32h5xx_hal_uart.o
    0x080062ba   0x080062ba   0x00000002   PAD
    0x080062bc   0x080062bc   0x000002f0   Code   RO         1245    .text.UART_SetConfig  stm32h5xx_hal_uart.o
    0x080065ac   0x080065ac   0x0000010c   Code   RO         1261    .text.UART_WaitOnFlagUntilTimeout  stm32h5xx_hal_uart.o
    0x080066b8   0x080066b8   0x000000ac   Code   RO          318    .text.USART1_MspInit  custom.o
    0x08006764   0x08006764   0x00000004   Code   RO           85    .text.UsageFault_Handler  stm32h5xx_it.o
    0x08006768   0x08006768   0x00000098   Code   RO          186    .text.VL53L4CD_CheckForDataReady  vl53l4cd_api.o
    0x08006800   0x08006800   0x0000002a   Code   RO          188    .text.VL53L4CD_ClearInterrupt  vl53l4cd_api.o
    0x0800682a   0x0800682a   0x00000002   PAD
    0x0800682c   0x0800682c   0x00000084   Code   RO          280    .text.VL53L4CD_ConfigIT  vl53l4cd.o
    0x080068b0   0x080068b0   0x00000086   Code   RO          276    .text.VL53L4CD_ConfigProfile  vl53l4cd.o
    0x08006936   0x08006936   0x00000002   PAD
    0x08006938   0x08006938   0x0000000e   Code   RO          278    .text.VL53L4CD_ConfigROI  vl53l4cd.o
    0x08006946   0x08006946   0x00000002   PAD
    0x08006948   0x08006948   0x0000004c   Code   RO          270    .text.VL53L4CD_DeInit  vl53l4cd.o
    0x08006994   0x08006994   0x0000002e   Code   RO          290    .text.VL53L4CD_GetAddress  vl53l4cd.o
    0x080069c2   0x080069c2   0x00000002   PAD
    0x080069c4   0x080069c4   0x00000038   Code   RO          274    .text.VL53L4CD_GetCapabilities  vl53l4cd.o
    0x080069fc   0x080069fc   0x0000009c   Code   RO          282    .text.VL53L4CD_GetDistance  vl53l4cd.o
    0x08006a98   0x08006a98   0x0000000e   Code   RO          294    .text.VL53L4CD_GetPowerMode  vl53l4cd.o
    0x08006aa6   0x08006aa6   0x00000002   PAD
    0x08006aa8   0x08006aa8   0x00000124   Code   RO          198    .text.VL53L4CD_GetResult  vl53l4cd_api.o
    0x08006bcc   0x08006bcc   0x00000060   Code   RO          268    .text.VL53L4CD_Init  vl53l4cd.o
    0x08006c2c   0x08006c2c   0x00000116   Code   RO          114    .text.VL53L4CD_Probe  custom_ranging_sensor.o
    0x08006d42   0x08006d42   0x00000002   PAD
    0x08006d44   0x08006d44   0x00000062   Code   RO          250    .text.VL53L4CD_RdByte  platform.o
    0x08006da6   0x08006da6   0x00000002   PAD
    0x08006da8   0x08006da8   0x00000078   Code   RO          256    .text.VL53L4CD_RdDWord  platform.o
    0x08006e20   0x08006e20   0x0000007c   Code   RO          254    .text.VL53L4CD_RdWord  platform.o
    0x08006e9c   0x08006e9c   0x0000004a   Code   RO          272    .text.VL53L4CD_ReadID  vl53l4cd.o
    0x08006ee6   0x08006ee6   0x00000002   PAD
    0x08006ee8   0x08006ee8   0x0000006e   Code   RO          296    .text.VL53L4CD_RegisterBusIO  vl53l4cd.o
    0x08006f56   0x08006f56   0x00000002   PAD
    0x08006f58   0x08006f58   0x000001d2   Code   RO          184    .text.VL53L4CD_SensorInit  vl53l4cd_api.o
    0x0800712a   0x0800712a   0x00000002   PAD
    0x0800712c   0x0800712c   0x00000048   Code   RO          288    .text.VL53L4CD_SetAddress  vl53l4cd.o
    0x08007174   0x08007174   0x00000068   Code   RO          208    .text.VL53L4CD_SetDetectionThresholds  vl53l4cd_api.o
    0x080071dc   0x080071dc   0x00000032   Code   RO          180    .text.VL53L4CD_SetI2CAddress  vl53l4cd_api.o
    0x0800720e   0x0800720e   0x00000002   PAD
    0x08007210   0x08007210   0x0000000e   Code   RO          292    .text.VL53L4CD_SetPowerMode  vl53l4cd.o
    0x0800721e   0x0800721e   0x00000002   PAD
    0x08007220   0x08007220   0x00000232   Code   RO          192    .text.VL53L4CD_SetRangeTiming  vl53l4cd_api.o
    0x08007452   0x08007452   0x00000002   PAD
    0x08007454   0x08007454   0x00000094   Code   RO          284    .text.VL53L4CD_Start  vl53l4cd.o
    0x080074e8   0x080074e8   0x00000060   Code   RO          194    .text.VL53L4CD_StartRanging  vl53l4cd_api.o
    0x08007548   0x08007548   0x0000004a   Code   RO          286    .text.VL53L4CD_Stop  vl53l4cd.o
    0x08007592   0x08007592   0x00000002   PAD
    0x08007594   0x08007594   0x0000002a   Code   RO          190    .text.VL53L4CD_StopRanging  vl53l4cd_api.o
    0x080075be   0x080075be   0x00000002   PAD
    0x080075c0   0x080075c0   0x0000002c   Code   RO          258    .text.VL53L4CD_WaitMs  platform.o
    0x080075ec   0x080075ec   0x0000004e   Code   RO          242    .text.VL53L4CD_WrByte  platform.o
    0x0800763a   0x0800763a   0x00000002   PAD
    0x0800763c   0x0800763c   0x0000005c   Code   RO          248    .text.VL53L4CD_WrDWord  platform.o
    0x08007698   0x08007698   0x00000054   Code   RO          246    .text.VL53L4CD_WrWord  platform.o
    0x080076ec   0x080076ec   0x0000001c   Code   RO          252    .text._I2CRead      platform.o
    0x08007708   0x08007708   0x0000001c   Code   RO          244    .text._I2CWrite     platform.o
    0x08007724   0x08007724   0x00000010   Code   RO         1027    .text.__NVIC_GetPriorityGrouping  stm32h5xx_hal_cortex.o
    0x08007734   0x08007734   0x00000042   Code   RO         1029    .text.__NVIC_SetPriority  stm32h5xx_hal_cortex.o
    0x08007776   0x08007776   0x00000002   PAD
    0x08007778   0x08007778   0x0000003c   Code   RO         1023    .text.__NVIC_SetPriorityGrouping  stm32h5xx_hal_cortex.o
    0x080077b4   0x080077b4   0x0000003c   Code   RO          163    .text.decimal_part  app_tof.o
    0x080077f0   0x080077f0   0x00000032   Code   RO          328    .text.fputc         custom.o
    0x08007822   0x08007822   0x00000002   PAD
    0x08007824   0x08007824   0x00000024   Code   RO           11    .text.main          main.o
    0x08007848   0x08007848   0x00000146   Code   RO          161    .text.print_result  app_tof.o
    0x0800798e   0x0800798e   0x00000002   PAD
    0x08007990   0x08007990   0x00000032   Code   RO          112    .text.reset_device  custom_ranging_sensor.o
    0x080079c2   0x080079c2   0x00000002   PAD
    0x080079c4   0x080079c4   0x0000009e   Code   RO          300    .text.vl53l4cd_get_result  vl53l4cd.o
    0x08007a62   0x08007a62   0x00000002   PAD
    0x08007a64   0x08007a64   0x0000005c   Code   RO          298    .text.vl53l4cd_poll_for_measurement  vl53l4cd.o
    0x08007ac0   0x08007ac0   0x00000020   Code   RO         1500    i.__0printf         mc_w.l(printfa.o)
    0x08007ae0   0x08007ae0   0x0000000e   Code   RO         1584    i.__scatterload_copy  mc_w.l(handlers.o)
    0x08007aee   0x08007aee   0x00000002   Code   RO         1585    i.__scatterload_null  mc_w.l(handlers.o)
    0x08007af0   0x08007af0   0x0000000e   Code   RO         1586    i.__scatterload_zeroinit  mc_w.l(handlers.o)
    0x08007afe   0x08007afe   0x00000002   PAD
    0x08007b00   0x08007b00   0x00000184   Code   RO         1507    i._fp_digits        mc_w.l(printfa.o)
    0x08007c84   0x08007c84   0x000006dc   Code   RO         1508    i._printf_core      mc_w.l(printfa.o)
    0x08008360   0x08008360   0x00000024   Code   RO         1509    i._printf_post_padding  mc_w.l(printfa.o)
    0x08008384   0x08008384   0x0000002e   Code   RO         1510    i._printf_pre_padding  mc_w.l(printfa.o)
    0x080083b2   0x080083b2   0x00000018   Data   RO          223    .rodata..L__const.VL53L4CD_GetResult.status_rtn  vl53l4cd_api.o
    0x080083ca   0x080083ca   0x00000010   Data   RO         1476    .rodata.AHBPrescTable  system_stm32h5xx.o
    0x080083da   0x080083da   0x00000008   Data   RO         1477    .rodata.APBPrescTable  system_stm32h5xx.o
    0x080083e2   0x080083e2   0x00000008   Data   RO         1424    .rodata.UARTEx_SetNbDataToProcess.denominator  stm32h5xx_hal_uart_ex.o
    0x080083ea   0x080083ea   0x00000008   Data   RO         1423    .rodata.UARTEx_SetNbDataToProcess.numerator  stm32h5xx_hal_uart_ex.o
    0x080083f2   0x080083f2   0x00000018   Data   RO         1379    .rodata.UARTPrescTable  stm32h5xx_hal_uart.o
    0x0800840a   0x0800840a   0x0000005b   Data   RO          222    .rodata.VL53L4CD_DEFAULT_CONFIGURATION  vl53l4cd_api.o
    0x08008465   0x08008465   0x000000c6   Data   RO          166    .rodata.str1.1      app_tof.o
    0x0800852b   0x0800852b   0x00000001   PAD
    0x0800852c   0x0800852c   0x00000020   Data   RO         1583    Region$$Table       anon$$obj.o


    Execution Region RW_IRAM1 (Exec base: 0x20000000, Load base: 0x08008550, Size: 0x000042c0, Max: 0x00008000, ABSOLUTE)

    Exec Addr    Load Addr    Size         Type   Attr      Idx    E Section Name        Object

    0x20000000   0x08008550   0x00000004   Data   RW         1545    .data               mc_w.l(stdout.o)
    0x20000004   0x08008554   0x00000004   Data   RW          330    .data.COM_USART     custom.o
    0x20000008   0x08008558   0x00000004   Data   RW         1475    .data.SystemCoreClock  system_stm32h5xx.o
    0x2000000c   0x0800855c   0x00000038   Data   RW          306    .data.VL53L4CD_RANGING_SENSOR_Driver  vl53l4cd.o
    0x20000044   0x08008594   0x00000001   Data   RW         1201    .data.uwTickFreq    stm32h5xx_hal.o
    0x20000045   0x08008595   0x00000003   PAD
    0x20000048   0x08008598   0x00000004   Data   RW         1200    .data.uwTickPrio    stm32h5xx_hal.o
    0x2000004c   0x0800859c   0x00000004   PAD
    0x20000050        -       0x00000001   Zero   RW          332    .bss.COM_ActiveLogPort  custom.o
    0x20000051   0x0800859c   0x00000003   PAD
    0x20000054        -       0x00000004   Zero   RW          142    .bss.CUSTOM_RANGING_CompObj  custom_ranging_sensor.o
    0x20000058        -       0x00000004   Zero   RW          143    .bss.CUSTOM_RANGING_Drv  custom_ranging_sensor.o
    0x2000005c        -       0x00000010   Zero   RW          168    .bss.Cap            app_tof.o
    0x2000006c        -       0x00000004   Zero   RW           69    .bss.I2C1InitCounter  custom_bus.o
    0x20000070        -       0x00000014   Zero   RW          169    .bss.Profile        app_tof.o
    0x20000084        -       0x00000010   Zero   RW          144    .bss.RANGING_SENSOR_Cap  custom_ranging_sensor.o
    0x20000094        -       0x00000018   Zero   RW          170    .bss.Result         app_tof.o
    0x200000ac        -       0x00000020   Zero   RW          145    .bss.VL53L4CD_Probe.VL53L4CDObj  custom_ranging_sensor.o
    0x200000cc        -       0x00000100   Zero   RW          260    .bss._I2CBuffer     platform.o
    0x200001cc        -       0x00000094   Zero   RW          331    .bss.hcom_uart      custom.o
    0x20000260        -       0x00000054   Zero   RW           68    .bss.hi2c1          custom_bus.o
    0x200002b4        -       0x00000004   Zero   RW          167    .bss.status         app_tof.o
    0x200002b8        -       0x00000004   Zero   RW         1202    .bss.uwTick         stm32h5xx_hal.o
    0x200002bc   0x0800859c   0x00000004   PAD
    0x200002c0        -       0x00004000   Zero   RW            1    STACK               startup_stm32h503xx.o


==============================================================================

Image component sizes


      Code (inc. data)   RO Data    RW Data    ZI Data      Debug   Object Name

       602          4        198          0         64       2671   app_tof.o
       492          0          0          4        149       9449   custom.o
       786          0          0          0         88      10166   custom_bus.o
       824          0          0          0         56       7387   custom_ranging_sensor.o
       122          0          0          0          0       2919   gpio.o
        34          0          0          0          0        617   icache.o
       240          0          0          0          0       3874   main.o
       696          0          0          0        256       3614   platform.o
        40         10        600          0      16384        920   startup_stm32h503xx.o
       474          0          0          5          4      11382   stm32h5xx_hal.o
       638          6          0          0          0      12409   stm32h5xx_hal_cortex.o
      1124          0          0          0          0       5117   stm32h5xx_hal_gpio.o
      3040          0          0          0          0      38365   stm32h5xx_hal_i2c.o
       314          0          0          0          0       5554   stm32h5xx_hal_i2c_ex.o
        84          0          0          0          0       3389   stm32h5xx_hal_icache.o
         2          0          0          0          0        418   stm32h5xx_hal_msp.o
      4610         16          0          0          0      12222   stm32h5xx_hal_rcc.o
      8678        152          0          0          0      17297   stm32h5xx_hal_rcc_ex.o
      2350          0         24          0          0      26494   stm32h5xx_hal_uart.o
       542          0         16          0          0       9350   stm32h5xx_hal_uart_ex.o
        34          0          0          0          0       1054   stm32h5xx_it.o
       278          0         24          4          0       5301   system_stm32h5xx.o
      1466          4          0         56          0       8090   vl53l4cd.o
      1806          0        115          0          0       8658   vl53l4cd_api.o

    ----------------------------------------------------------------------
     29388        192       1010         72      17012     206717   Object Totals
         0          0         32          0          0          0   (incl. Generated)
       112          0          1          3         11          0   (incl. Padding)

    ----------------------------------------------------------------------

      Code (inc. data)   RO Data    RW Data    ZI Data      Debug   Library Member Name

         0          0          0          0          0          0   entry.o
         0          0          0          0          0          0   entry10a.o
         0          0          0          0          0          0   entry11a.o
         8          4          0          0          0          0   entry2.o
         4          0          0          0          0          0   entry5.o
         0          0          0          0          0          0   entry7b.o
         0          0          0          0          0          0   entry8b.o
         8          4          0          0          0          0   entry9a.o
        30          0          0          0          0          0   handlers.o
        36          8          0          0          0         68   init.o
         0          0          0          0          0          0   iusefp.o
        30          0          0          0          0         68   llshl.o
        36          0          0          0          0         68   llsshr.o
        32          0          0          0          0         68   llushr.o
        36          0          0          0          0         68   memcpya.o
        36          0          0          0          0        108   memseta.o
      2258         90          0          0          0        452   printfa.o
         0          0          0          4          0          0   stdout.o
        44          0          0          0          0         80   uidiv.o
        98          0          0          0          0         92   uldiv.o
        48          0          0          0          0         68   cdrcmple.o
       334          0          0          0          0        148   dadd.o
       222          0          0          0          0        100   ddiv.o
       186          0          0          0          0        176   depilogue.o
        48          0          0          0          0         68   dfixul.o
       228          0          0          0          0         96   dmul.o

    ----------------------------------------------------------------------
      3726        106          0          4          0       1728   Library Totals
         4          0          0          0          0          0   (incl. Padding)

    ----------------------------------------------------------------------

      Code (inc. data)   RO Data    RW Data    ZI Data      Debug   Library Name

      2656        106          0          4          0       1072   mc_w.l
      1066          0          0          0          0        656   mf_w.l

    ----------------------------------------------------------------------
      3726        106          0          4          0       1728   Library Totals

    ----------------------------------------------------------------------

==============================================================================


      Code (inc. data)   RO Data    RW Data    ZI Data      Debug   

     33114        298       1010         76      17012     207325   Grand Totals
     33114        298       1010         76      17012     207325   ELF Image Totals
     33114        298       1010         76          0          0   ROM Totals

==============================================================================

    Total RO  Size (Code + RO Data)                34124 (  33.32kB)
    Total RW  Size (RW Data + ZI Data)             17088 (  16.69kB)
    Total ROM Size (Code + RO Data + RW Data)      34200 (  33.40kB)

==============================================================================

